
[1m[30m[46m RUN [49m[39m[22m [36mv4.1.6 [39m[90mC:/Users/HOME/Github/gerador-orcamentos-front[39m

 [32mÔ£ô[39m src/app/page.test.tsx[2m > [22mDashboard Home renders summary cards and new estimate button[32m 162[2mms[22m[39m
 [31m├ù[39m src/app/quotes/page.test.tsx[2m > [22mQuotesHistory Page[2m > [22mrenders list of quotes[33m 1119[2mms[22m[39m
[31m   ÔåÆ Unable to find an element with the text: /Reforma Cozinha/i. This could be because the text is broken up by multiple elements. In this case, you can provide a function for your text matcher to make your matcher more flexible.

Ignored nodes: comments, script, style
[36m<body>[31m
  [36m<div>[31m
    [36m<div[31m
      [33mclass[31m=[32m"space-y-6"[31m
    [36m>[31m
      [36m<div[31m
        [33mclass[31m=[32m"flex justify-between items-center"[31m
      [36m>[31m
        [36m<div[31m
          [33mclass[31m=[32m"w-full flex justify-between items-center bg-card p-4 rounded-xl border border-border shadow-sm"[31m
        [36m>[31m
          [36m<div[31m
            [33mclass[31m=[32m" space-y-1.5"[31m
          [36m>[31m
            [36m<label[31m
              [33mclass[31m=[32m"flex items-center gap-2 text-sm leading-none font-medium select-none group-data-[disabled=true]:pointer-events-none group-data-[disabled=true]:opacity-50 peer-disabled:cursor-not-allowed peer-disabled:opacity-50"[31m
              [33mdata-slot[31m=[32m"label"[31m
              [33mfor[31m=[32m"search"[31m
            [36m>[31m
              [0mProcurar[0m
            [36m</label>[31m
            [36m<div[31m
              [33mclass[31m=[32m"relative"[31m
            [36m>[31m
              [36m<svg[31m
                [33maria-hidden[31m=[32m"true"[31m
                [33mclass[31m=[32m"lucide lucide-search absolute left-2.5 top-2.5 h-4 w-4 text-muted-foreground"[31m
                [33mfill[31m=[32m"none"[31m
                [33mheight[31m=[32m"24"[31m
                [33mstroke[31m=[32m"currentColor"[31m
                [33mstroke-linecap[31m=[32m"round"[31m
                [33mstroke-linejoin[31m=[32m"round"[31m
                [33mstroke-width[31m=[32m"2"[31m
                [33mviewBox[31m=[32m"0 0 24 24"[31m
                [33mwidth[31m=[32m"24"[31m
                [33mxmlns[31m=[32m"http://www.w3.org/2000/svg"[31m
              [36m>[31m
                [36m<path[31m
                  [33md[31m=[32m"m21 21-4.34-4.34"[31m
                [36m/>[31m
                [36m<circle[31m
                  [33mcx[31m=[32m"11"[31m
                  [33mcy[31m=[32m"11"[31m
                  [33mr[31m=[32m"8"[31m
                [36m/>[31m
              [36m</svg>[31m
              [36m<input[31m
                [33mclass[31m=[32m"h-8 w-full min-w-0 rounded-lg border border-input bg-transparent px-2.5 py-1 text-base transition-colors outline-none file:inline-flex file:h-6 file:border-0 file:bg-transparent file:text-sm file:font-medium file:text-foreground placeholder:text-muted-foreground focus-visible:border-ring focus-visible:ring-3 focus-visible:ring-ring/50 disabled:pointer-events-none disabled:cursor-not-allowed disabled:bg-input/50 disabled:opacity-50 aria-invalid:border-destructive aria-invalid:ring-3 aria-invalid:ring-destructive/20 md:text-sm dark:bg-input/30 dark:disabled:bg-input/80 dark:aria-invalid:border-destructive/50 dark:aria-invalid:ring-destructive/40 pl-9"[31m
                [33mdata-slot[31m=[32m"input"[31m
                [33mid[31m=[32m"search"[31m
                [33mplaceholder[31m=[32m"Procurar or├ºamentos..."[31m
                [33mvalue[31m=[32m""[31m
              [36m/>[31m
            [36m</div>[31m
          [36m</div>[31m
          [36m<div[31m
            [33mclass[31m=[32m"space-y-1.5"[31m
          [36m>[31m
            [36m<label[31m
              [33mclass[31m=[32m"flex items-center gap-2 text-sm leading-none font-medium select-none group-data-[disabled=true]:pointer-events-none group-data-[disabled=true]:opacity-50 peer-disabled:cursor-not-allowed peer-disabled:opacity-50"[31m
              [33mdata-slot[31m=[32m"label"[31m
              [33mfor[31m=[32m"status"[31m
            [36m>[31m
              [0mStatus[0m
            [36m</label>[31m
            [36m<select[31m
              [33mclass[31m=[32m"w-full h-9 rounded-lg border border-input bg-transparent px-3 py-1 text-sm outline-none focus-visible:border-ring focus-visible:ring-3 focus-visible:ring-ring/50"[31m
              [33mid[31m=[32m"status"[31m
            [36m>[31m
              [36m<option[31m
                [33mvalue[31m=[32m"all"[31m
              [36m>[31m
                [0mTodos os Status[0m
              [36m</option>[31m
              [36m<option[31m
                [33mvalue[31m=[32m"pending"[31m
              [36m>[31m
                [0mPendentes[0m
              [36m</option>[31m
              [36m<option[31m
                [33mvalue[31m=[32m"approved"[31m
              [36m>[31m
                [0mAprovados[0m
              [36m</option>[31m
              [36m<option[31m
                [33mvalue[31m=[32m"paid"[31m
              [36m>[31m
                [0mPagos[0m
              [36m</option>[31m
            [36m</select>[31m
          [36m</div>[31m
          [36m<div[31m
            [33mclass[31m=[32m"space-y-1.5"[31m
          [36m>[31m
            [36m<label[31m
              [33mclass[31m=[32m"flex items-center gap-2 text-sm leading-none font-medium select-none group-data-[disabled=true]:pointer-events-none group-data-[disabled=true]:opacity-50 peer-disabled:cursor-not-allowed peer-disabled:opacity-50"[31m
              [33mdata-slot[31m=[32m"label"[31m
              [33mfor[31m=[32m"ordem"[31m
            [36m>[31m
              [0mOrdenar[0m
            [36m</label>[31m
            [36m<button[31m
              [33mclass[31m=[32m"group/button cursor-pointer inline-flex shrink-0 items-center justify-center rounded-lg border bg-clip-padding text-sm font-medium transition-all outline-none select-none focus-visible:border-ring focus-visible:ring-3 focus-visible:ring-ring/50 active:not-aria-[haspopup]:translate-y-px disabled:pointer-events-none disabled:opacity-50 aria-invalid:border-destructive aria-invalid:ring-3 aria-invalid:ring-destructive/20 dark:aria-invalid:border-destructive/50 dark:aria-invalid:ring-destructive/40 [&_svg]:pointer-events-none [&_svg]:shrink-0 [&_svg:not([class*='size-'])]:size-4 border-border bg-background hover:bg-muted hover:text-foreground aria-expanded:bg-muted aria-expanded:text-foreground dark:border-input dark:bg-input/30 dark:hover:bg-input/50 h-8 gap-1.5 px-2.5 has-data-[icon=inline-end]:pr-2 has-data-[icon=inline-start]:pl-2 w-full"[31m
              [33mdata-slot[31m=[32m"button"[31m
              [33mtabindex[31m=[32m"0"[31m
              [33mtype[31m=[32m"button"[31m
            [36m>[31m
              [36m<svg[31m
                [33maria-hidden[31m=[32m"true"[31m
                [33mclass[31m=[32m"lucide lucide-arrow-up-down mr-2 h-4 w-4"[31m
                [33mfill[31m=[32m"none"[31m
                [33mheight[31m=[32m"24"[31m
                [33mstroke[31m=[32m"currentColor"[31m
                [33mstroke-linecap[31m=[32m"round"[31m
                [33mstroke-linejoin[31m=[32m"round"[31m
                [33mstroke-width[31m=[32m"2"[31m
                [33mviewBox[31m=[32m"0 0 24 24"[31m
                [33mwidth[31m=[32m"24"[31m
                [33mxmlns[31m=[32m"http://www.w3.org/2000/svg"[31m
              [36m>[31m
                [36m<path[31m
                  [33md[31m=[32m"m21 16-4 4-4-4"[31m
                [36m/>[31m
                [36m<path[31m
                  [33md[31m=[32m"M17 20V4"[31m
                [36m/>[31m
                [36m<path[31m
                  [33md[31m=[32m"m3 8 4-4 4 4"[31m
                [36m/>[31m
                [36m<path[31m
                  [33md[31m=[32m"M7 4v16"[31m
                [36m/>[31m
              [36m</svg>[31m
              [0mOrdenar por Data[0m
            [36m</button>[31m
          [36m</div>[31m
          [36m<a[31m
            [33mclass[31m=[32m"inline-flex items-center justify-center rounded-lg bg-primary px-4 py-2 text-sm font-medium text-primary-foreground shadow transition-colors hover:bg-primary/90 focus-visible:outline-none focus-visible:ring-1 focus-visible:ring-ring"[31m
            [33mhref[31m=[32m"/quotes/new"[31m
          [36m>[31m
            [36m<svg[31m
              [33maria-hidden[31m=[32m"true"[31m
              [33mclass[31m=[32m"lucide lucide-plus mr-2 h-4 w-4"[31m
              [33mfill[31m=[32m"none"[31m
              [33mheight[31m=[32m"24"[31m
              [33mstroke[31m=[32m"currentColor"[31m
              [33mstroke-linecap[31m=[32m"round"[31m
              [33mstroke-linejoin[31m=[32m"round"[31m
              [33mstroke-width[31m=[32m"2"[31m
              [33mviewBox[31m=[32m"0 0 24 24"[31m
              [33mwidth[31m=[32m"24"[31m
              [33mxmlns[31m=[32m"http://www.w3.org/2000/svg"[31m
            [36m>[31m
              [36m<path[31m
                [33md[31m=[32m"M5 12h14"[31m
              [36m/>[31m
              [36m<path[31m
                [33md[31m=[32m"M12 5v14"[31m
              [36m/>[31m
            [36m</svg>[31m
            [0mNovo Or├ºamento[0m
          [36m</a>[31m
        [36m</div>[31m
      [36m</div>[31m
      [36m<div[31m
        [33mclass[31m=[32m"hidden md:block bg-card rounded-xl border border-border shadow-sm overflow-hidden"[31m
      [36m>[31m
        [36m<div[31m
          [33mclass[31m=[32m"p-12 text-center text-muted-foreground"[31m
        [36m>[31m
          [0mNenhum or├ºamento encontrado com os filtros atuais.[0m
          [36m<div[31m
            [33mclass[31m=[32m"mt-4"[31m
          [36m>[31m
            [36m<a[31m
              [33mclass[31m=[32m"inline-flex items-center rounded-md bg-primary px-3 py-2 text-sm text-primary-foreground"[31m
              [33mhref[31m=[32m"/quotes/new"[31m
            [36m>[31m
              [36m<svg[31m
                [33maria-hidden[31m=[32m"true"[31m
                [33mclass[31m=[32m"lucide lucide-plus mr-2 h-4 w-4"[31m
                [33mfill[31m=[32m"none"[31m
                [33mheight[31m=[32m"24"[31m
                [33mstroke[31m=[32m"currentColor"[31m
                [33mstroke-linecap[31m=[32m"round"[31m
                [33mstroke-linejoin[31m=[32m"round"[31m
                [33mstroke-width[31m=[32m"2"[31m
                [33mviewBox[31m=[32m"0 0 24 24"[31m
                [33mwidth[31m=[32m"24"[31m
                [33mxmlns[31m=[32m"http://www.w3.org/2000/svg"[31m
              [36m>[31m
                [36m<path[31m
                  [33md[31m=[32m"M5 12h14"[31m
                [36m/>[31m
                [36m<path[31m
                  [33md[31m=[32m"M12 5v14"[31m
                [36m/>[31m
              [36m</svg>[31m
              [0mCriar novo or├ºamento[0m
            [36m</a>[31m
          [36m</div>[31m
        [36m</div>[31m
      [36m</div>[31m
      [36m<div[31m
        [33mclass[31m=[32m"md:hidden space-y-4"[31m
      [36m>[31m
        [36m<div[31m
          [33mclass[31m=[32m"p-12 text-center text-muted-foreground bg-card rounded-xl border border-border"[31m
        [36m>[31m
          [0mNenhum or├ºamento encontrado.[0m
        [36m</div>[31m
      [36m</div>[31m
    [36m</div>[31m
  [36m</div>[31m
[36m</body>[31m

Ignored nodes: comments, script, style
[36m<body>[31m
  [36m<div>[31m
    [36m<div[31m
      [33mclass[31m=[32m"space-y-6"[31m
    [36m>[31m
      [36m<div[31m
        [33mclass[31m=[32m"flex justify-between items-center"[31m
      [36m>[31m
        [36m<div[31m
          [33mclass[31m=[32m"w-full flex justify-between items-center bg-card p-4 rounded-xl border border-border shadow-sm"[31m
        [36m>[31m
          [36m<div[31m
            [33mclass[31m=[32m" space-y-1.5"[31m
          [36m>[31m
            [36m<label[31m
              [33mclass[31m=[32m"flex items-center gap-2 text-sm leading-none font-medium select-none group-data-[disabled=true]:pointer-events-none group-data-[disabled=true]:opacity-50 peer-disabled:cursor-not-allowed peer-disabled:opacity-50"[31m
              [33mdata-slot[31m=[32m"label"[31m
              [33mfor[31m=[32m"search"[31m
            [36m>[31m
              [0mProcurar[0m
            [36m</label>[31m
            [36m<div[31m
              [33mclass[31m=[32m"relative"[31m
            [36m>[31m
              [36m<svg[31m
                [33maria-hidden[31m=[32m"true"[31m
                [33mclass[31m=[32m"lucide lucide-search absolute left-2.5 top-2.5 h-4 w-4 text-muted-foreground"[31m
                [33mfill[31m=[32m"none"[31m
                [33mheight[31m=[32m"24"[31m
                [33mstroke[31m=[32m"currentColor"[31m
                [33mstroke-linecap[31m=[32m"round"[31m
                [33mstroke-linejoin[31m=[32m"round"[31m
                [33mstroke-width[31m=[32m"2"[31m
                [33mviewBox[31m=[32m"0 0 24 24"[31m
                [33mwidth[31m=[32m"24"[31m
                [33mxmlns[31m=[32m"http://www.w3.org/2000/svg"[31m
              [36m>[31m
                [36m<path[31m
                  [33md[31m=[32m"m21 21-4.34-4.34"[31m
                [36m/>[31m
                [36m<circle[31m
                  [33mcx[31m=[32m"11"[31m
                  [33mcy[31m=[32m"11"[31m
                  [33mr[31m=[32m"8"[31m
                [36m/>[31m
              [36m</svg>[31m
              [36m<input[31m
                [33mclass[31m=[32m"h-8 w-full min-w-0 rounded-lg border border-input bg-transparent px-2.5 py-1 text-base transition-colors outline-none file:inline-flex file:h-6 file:border-0 file:bg-transparent file:text-sm file:font-medium file:text-foreground placeholder:text-muted-foreground focus-visible:border-ring focus-visible:ring-3 focus-visible:ring-ring/50 disabled:pointer-events-none disabled:cursor-not-allowed disabled:bg-input/50 disabled:opacity-50 aria-invalid:border-destructive aria-invalid:ring-3 aria-invalid:ring-destructive/20 md:text-sm dark:bg-input/30 dark:disabled:bg-input/80 dark:aria-invalid:border-destructive/50 dark:aria-invalid:ring-destructive/40 pl-9"[31m
                [33mdata-slot[31m=[32m"input"[31m
                [33mid[31m=[32m"search"[31m
                [33mplaceholder[31m=[32m"Procurar or├ºamentos..."[31m
                [33mvalue[31m=[32m""[31m
              [36m/>[31m
            [36m</div>[31m
          [36m</div>[31m
          [36m<div[31m
            [33mclass[31m=[32m"space-y-1.5"[31m
          [36m>[31m
            [36m<label[31m
              [33mclass[31m=[32m"flex items-center gap-2 text-sm leading-none font-medium select-none group-data-[disabled=true]:pointer-events-none group-data-[disabled=true]:opacity-50 peer-disabled:cursor-not-allowed peer-disabled:opacity-50"[31m
              [33mdata-slot[31m=[32m"label"[31m
              [33mfor[31m=[32m"status"[31m
            [36m>[31m
              [0mStatus[0m
            [36m</label>[31m
            [36m<select[31m
              [33mclass[31m=[32m"w-full h-9 rounded-lg border border-input bg-transparent px-3 py-1 text-sm outline-none focus-visible:border-ring focus-visible:ring-3 focus-visible:ring-ring/50"[31m
              [33mid[31m=[32m"status"[31m
            [36m>[31m
              [36m<option[31m
                [33mvalue[31m=[32m"all"[31m
              [36m>[31m
                [0mTodos os Status[0m
              [36m</option>[31m
              [36m<option[31m
                [33mvalue[31m=[32m"pending"[31m
              [36m>[31m
                [0mPendentes[0m
              [36m</option>[31m
              [36m<option[31m
                [33mvalue[31m=[32m"approved"[31m
              [36m>[31m
                [0mAprovados[0m
              [36m</option>[31m
              [36m<option[31m
                [33mvalue[31m=[32m"paid"[31m
              [36m>[31m
                [0mPagos[0m
              [36m</option>[31m
            [36m</select>[31m
          [36m</div>[31m
          [36m<div[31m
            [33mclass[31m=[32m"space-y-1.5"[31m
          [36m>[31m
            [36m<label[31m
              [33mclass[31m=[32m"flex items-center gap-2 text-sm leading-none font-medium select-none group-data-[disabled=true]:pointer-events-none group-data-[disabled=true]:opacity-50 peer-disabled:cursor-not-allowed peer-disabled:opacity-50"[31m
              [33mdata-slot[31m=[32m"label"[31m
              [33mfor[31m=[32m"ordem"[31m
            [36m>[31m
              [0mOrdenar[0m
            [36m</label>[31m
            [36m<button[31m
              [33mclass[31m=[32m"group/button cursor-pointer inline-flex shrink-0 items-center justify-center rounded-lg border bg-clip-padding text-sm font-medium transition-all outline-none select-none focus-visible:border-ring focus-visible:ring-3 focus-visible:ring-ring/50 active:not-aria-[haspopup]:translate-y-px disabled:pointer-events-none disabled:opacity-50 aria-invalid:border-destructive aria-invalid:ring-3 aria-invalid:ring-destructive/20 dark:aria-invalid:border-destructive/50 dark:aria-invalid:ring-destructive/40 [&_svg]:pointer-events-none [&_svg]:shrink-0 [&_svg:not([class*='size-'])]:size-4 border-border bg-background hover:bg-muted hover:text-foreground aria-expanded:bg-muted aria-expanded:text-foreground dark:border-input dark:bg-input/30 dark:hover:bg-input/50 h-8 gap-1.5 px-2.5 has-data-[icon=inline-end]:pr-2 has-data-[icon=inline-start]:pl-2 w-full"[31m
              [33mdata-slot[31m=[32m"button"[31m
              [33mtabindex[31m=[32m"0"[31m
              [33mtype[31m=[32m"button"[31m
            [36m>[31m
              [36m<svg[31m
                [33maria-hidden[31m=[32m"true"[31m
                [33mclass[31m=[32m"lucide lucide-arrow-up-down mr-2 h-4 w-4"[31m
                [33mfill[31m=[32m"none"[31m
                [33mheight[31m=[32m"24"[31m
                [33mstroke[31m=[32m"currentColor"[31m
                [33mstroke-linecap[31m=[32m"round"[31m
                [33mstroke-linejoin[31m=[32m"round"[31m
                [33mstroke-width[31m=[32m"2"[31m
                [33mviewBox[31m=[32m"0 0 24 24"[31m
                [33mwidth[31m=[32m"24"[31m
                [33mxmlns[31m=[32m"http://www.w3.org/2000/svg"[31m
              [36m>[31m
                [36m<path[31m
                  [33md[31m=[32m"m21 16-4 4-4-4"[31m
                [36m/>[31m
                [36m<path[31m
                  [33md[31m=[32m"M17 20V4"[31m
                [36m/>[31m
                [36m<path[31m
                  [33md[31m=[32m"m3 8 4-4 4 4"[31m
                [36m/>[31m
                [36m<path[31m
                  [33md[31m=[32m"M7 4v16"[31m
                [36m/>[31m
              [36m</svg>[31m
              [0mOrdenar por Data[0m
            [36m</button>[31m
          [36m</div>[31m
          [36m<a[31m
            [33mclass[31m=[32m"inline-flex items-center justify-center rounded-lg bg-primary px-4 py-2 text-sm font-medium text-primary-foreground shadow transition-colors hover:bg-primary/90 focus-visible:outline-none focus-visible:ring-1 focus-visible:ring-ring"[31m
            [33mhref[31m=[32m"/quotes/new"[31m
          [36m>[31m
            [36m<svg[31m
              [33maria-hidden[31m=[32m"true"[31m
              [33mclass[31m=[32m"lucide lucide-plus mr-2 h-4 w-4"[31m
              [33mfill[31m=[32m"none"[31m
              [33mheight[31m=[32m"24"[31m
              [33mstroke[31m=[32m"currentColor"[31m
              [33mstroke-linecap[31m=[32m"round"[31m
              [33mstroke-linejoin[31m=[32m"round"[31m
              [33mstroke-width[31m=[32m"2"[31m
              [33mviewBox[31m=[32m"0 0 24 24"[31m
              [33mwidth[31m=[32m"24"[31m
              [33mxmlns[31m=[32m"http://www.w3.org/2000/svg"[31m
            [36m>[31m
              [36m<path[31m
                [33md[31m=[32m"M5 12h14"[31m
              [36m/>[31m
              [36m<path[31m
                [33md[31m=[32m"M12 5v14"[31m
              [36m/>[31m
            [36m</svg>[31m
            [0mNovo Or├ºamento[0m
          [36m</a>[31m
        [36m</div>[31m
      [36m</div>[31m
      [36m<div[31m
        [33mclass[31m=[32m"hidden md:block bg-card rounded-xl border border-border shadow-sm overflow-hidden"[31m
      [36m>[31m
        [36m<div[31m
          [33mclass[31m=[32m"p-12 text-center text-muted-foreground"[31m
        [36m>[31m
          [0mNenhum or├ºamento encontrado com os filtros atuais.[0m
          [36m<div[31m
            [33mclass[31m=[32m"mt-4"[31m
          [36m>[31m
            [36m<a[31m
              [33mclass[31m=[32m"inline-flex items-center rounded-md bg-primary px-3 py-2 text-sm text-primary-foreground"[31m
              [33mhref[31m=[32m"/quotes/new"[31m
            [36m>[31m
              [36m<svg[31m
                [33maria-hidden[31m=[32m"true"[31m
                [33mclass[31m=[32m"lucide lucide-plus mr-2 h-4 w-4"[31m
                [33mfill[31m=[32m"none"[31m
                [33mheight[31m=[32m"24"[31m
                [33mstroke[31m=[32m"currentColor"[31m
                [33mstroke-linecap[31m=[32m"round"[31m
                [33mstroke-linejoin[31m=[32m"round"[31m
                [33mstroke-width[31m=[32m"2"[31m
                [33mviewBox[31m=[32m"0 0 24 24"[31m
                [33mwidth[31m=[32m"24"[31m
                [33mxmlns[31m=[32m"http://www.w3.org/2000/svg"[31m
              [36m>[31m
                [36m<path[31m
                  [33md[31m=[32m"M5 12h14"[31m
                [36m/>[31m
                [36m<path[31m
                  [33md[31m=[32m"M12 5v14"[31m
                [36m/>[31m
              [36m</svg>[31m
              [0mCriar novo or├ºamento[0m
            [36m</a>[31m
          [36m</div>[31m
        [36m</div>[31m
      [36m</div>[31m
      [36m<div[31m
        [33mclass[31m=[32m"md:hidden space-y-4"[31m
      [36m>[31m
        [36m<div[31m
          [33mclass[31m=[32m"p-12 text-center text-muted-foreground bg-card rounded-xl border border-border"[31m
        [36m>[31m
          [0mNenhum or├ºamento encontrado.[0m
        [36m</div>[31m
      [36m</div>[31m
    [36m</div>[31m
  [36m</div>[31m
[36m</body>[31m[39m
 [31m├ù[39m src/app/quotes/page.test.tsx[2m > [22mQuotesHistory Page[2m > [22mfilters by search term[33m 1049[2mms[22m[39m
[31m   ÔåÆ Unable to find an element with the text: /Reforma Cozinha/i. This could be because the text is broken up by multiple elements. In this case, you can provide a function for your text matcher to make your matcher more flexible.

Ignored nodes: comments, script, style
[36m<body>[31m
  [36m<div>[31m
    [36m<div[31m
      [33mclass[31m=[32m"space-y-6"[31m
    [36m>[31m
      [36m<div[31m
        [33mclass[31m=[32m"flex justify-between items-center"[31m
      [36m>[31m
        [36m<div[31m
          [33mclass[31m=[32m"w-full flex justify-between items-center bg-card p-4 rounded-xl border border-border shadow-sm"[31m
        [36m>[31m
          [36m<div[31m
            [33mclass[31m=[32m" space-y-1.5"[31m
          [36m>[31m
            [36m<label[31m
              [33mclass[31m=[32m"flex items-center gap-2 text-sm leading-none font-medium select-none group-data-[disabled=true]:pointer-events-none group-data-[disabled=true]:opacity-50 peer-disabled:cursor-not-allowed peer-disabled:opacity-50"[31m
              [33mdata-slot[31m=[32m"label"[31m
              [33mfor[31m=[32m"search"[31m
            [36m>[31m
              [0mProcurar[0m
            [36m</label>[31m
            [36m<div[31m
              [33mclass[31m=[32m"relative"[31m
            [36m>[31m
              [36m<svg[31m
                [33maria-hidden[31m=[32m"true"[31m
                [33mclass[31m=[32m"lucide lucide-search absolute left-2.5 top-2.5 h-4 w-4 text-muted-foreground"[31m
                [33mfill[31m=[32m"none"[31m
                [33mheight[31m=[32m"24"[31m
                [33mstroke[31m=[32m"currentColor"[31m
                [33mstroke-linecap[31m=[32m"round"[31m
                [33mstroke-linejoin[31m=[32m"round"[31m
                [33mstroke-width[31m=[32m"2"[31m
                [33mviewBox[31m=[32m"0 0 24 24"[31m
                [33mwidth[31m=[32m"24"[31m
                [33mxmlns[31m=[32m"http://www.w3.org/2000/svg"[31m
              [36m>[31m
                [36m<path[31m
                  [33md[31m=[32m"m21 21-4.34-4.34"[31m
                [36m/>[31m
                [36m<circle[31m
                  [33mcx[31m=[32m"11"[31m
                  [33mcy[31m=[32m"11"[31m
                  [33mr[31m=[32m"8"[31m
                [36m/>[31m
              [36m</svg>[31m
              [36m<input[31m
                [33mclass[31m=[32m"h-8 w-full min-w-0 rounded-lg border border-input bg-transparent px-2.5 py-1 text-base transition-colors outline-none file:inline-flex file:h-6 file:border-0 file:bg-transparent file:text-sm file:font-medium file:text-foreground placeholder:text-muted-foreground focus-visible:border-ring focus-visible:ring-3 focus-visible:ring-ring/50 disabled:pointer-events-none disabled:cursor-not-allowed disabled:bg-input/50 disabled:opacity-50 aria-invalid:border-destructive aria-invalid:ring-3 aria-invalid:ring-destructive/20 md:text-sm dark:bg-input/30 dark:disabled:bg-input/80 dark:aria-invalid:border-destructive/50 dark:aria-invalid:ring-destructive/40 pl-9"[31m
                [33mdata-slot[31m=[32m"input"[31m
                [33mid[31m=[32m"search"[31m
                [33mplaceholder[31m=[32m"Procurar or├ºamentos..."[31m
                [33mvalue[31m=[32m""[31m
              [36m/>[31m
            [36m</div>[31m
          [36m</div>[31m
          [36m<div[31m
            [33mclass[31m=[32m"space-y-1.5"[31m
          [36m>[31m
            [36m<label[31m
              [33mclass[31m=[32m"flex items-center gap-2 text-sm leading-none font-medium select-none group-data-[disabled=true]:pointer-events-none group-data-[disabled=true]:opacity-50 peer-disabled:cursor-not-allowed peer-disabled:opacity-50"[31m
              [33mdata-slot[31m=[32m"label"[31m
              [33mfor[31m=[32m"status"[31m
            [36m>[31m
              [0mStatus[0m
            [36m</label>[31m
            [36m<select[31m
              [33mclass[31m=[32m"w-full h-9 rounded-lg border border-input bg-transparent px-3 py-1 text-sm outline-none focus-visible:border-ring focus-visible:ring-3 focus-visible:ring-ring/50"[31m
              [33mid[31m=[32m"status"[31m
            [36m>[31m
              [36m<option[31m
                [33mvalue[31m=[32m"all"[31m
              [36m>[31m
                [0mTodos os Status[0m
              [36m</option>[31m
              [36m<option[31m
                [33mvalue[31m=[32m"pending"[31m
              [36m>[31m
                [0mPendentes[0m
              [36m</option>[31m
              [36m<option[31m
                [33mvalue[31m=[32m"approved"[31m
              [36m>[31m
                [0mAprovados[0m
              [36m</option>[31m
              [36m<option[31m
                [33mvalue[31m=[32m"paid"[31m
              [36m>[31m
                [0mPagos[0m
              [36m</option>[31m
            [36m</select>[31m
          [36m</div>[31m
          [36m<div[31m
            [33mclass[31m=[32m"space-y-1.5"[31m
          [36m>[31m
            [36m<label[31m
              [33mclass[31m=[32m"flex items-center gap-2 text-sm leading-none font-medium select-none group-data-[disabled=true]:pointer-events-none group-data-[disabled=true]:opacity-50 peer-disabled:cursor-not-allowed peer-disabled:opacity-50"[31m
              [33mdata-slot[31m=[32m"label"[31m
              [33mfor[31m=[32m"ordem"[31m
            [36m>[31m
              [0mOrdenar[0m
            [36m</label>[31m
            [36m<button[31m
              [33mclass[31m=[32m"group/button cursor-pointer inline-flex shrink-0 items-center justify-center rounded-lg border bg-clip-padding text-sm font-medium transition-all outline-none select-none focus-visible:border-ring focus-visible:ring-3 focus-visible:ring-ring/50 active:not-aria-[haspopup]:translate-y-px disabled:pointer-events-none disabled:opacity-50 aria-invalid:border-destructive aria-invalid:ring-3 aria-invalid:ring-destructive/20 dark:aria-invalid:border-destructive/50 dark:aria-invalid:ring-destructive/40 [&_svg]:pointer-events-none [&_svg]:shrink-0 [&_svg:not([class*='size-'])]:size-4 border-border bg-background hover:bg-muted hover:text-foreground aria-expanded:bg-muted aria-expanded:text-foreground dark:border-input dark:bg-input/30 dark:hover:bg-input/50 h-8 gap-1.5 px-2.5 has-data-[icon=inline-end]:pr-2 has-data-[icon=inline-start]:pl-2 w-full"[31m
              [33mdata-slot[31m=[32m"button"[31m
              [33mtabindex[31m=[32m"0"[31m
              [33mtype[31m=[32m"button"[31m
            [36m>[31m
              [36m<svg[31m
                [33maria-hidden[31m=[32m"true"[31m
                [33mclass[31m=[32m"lucide lucide-arrow-up-down mr-2 h-4 w-4"[31m
                [33mfill[31m=[32m"none"[31m
                [33mheight[31m=[32m"24"[31m
                [33mstroke[31m=[32m"currentColor"[31m
                [33mstroke-linecap[31m=[32m"round"[31m
                [33mstroke-linejoin[31m=[32m"round"[31m
                [33mstroke-width[31m=[32m"2"[31m
                [33mviewBox[31m=[32m"0 0 24 24"[31m
                [33mwidth[31m=[32m"24"[31m
                [33mxmlns[31m=[32m"http://www.w3.org/2000/svg"[31m
              [36m>[31m
                [36m<path[31m
                  [33md[31m=[32m"m21 16-4 4-4-4"[31m
                [36m/>[31m
                [36m<path[31m
                  [33md[31m=[32m"M17 20V4"[31m
                [36m/>[31m
                [36m<path[31m
                  [33md[31m=[32m"m3 8 4-4 4 4"[31m
                [36m/>[31m
                [36m<path[31m
                  [33md[31m=[32m"M7 4v16"[31m
                [36m/>[31m
              [36m</svg>[31m
              [0mOrdenar por Data[0m
            [36m</button>[31m
          [36m</div>[31m
          [36m<a[31m
            [33mclass[31m=[32m"inline-flex items-center justify-center rounded-lg bg-primary px-4 py-2 text-sm font-medium text-primary-foreground shadow transition-colors hover:bg-primary/90 focus-visible:outline-none focus-visible:ring-1 focus-visible:ring-ring"[31m
            [33mhref[31m=[32m"/quotes/new"[31m
          [36m>[31m
            [36m<svg[31m
              [33maria-hidden[31m=[32m"true"[31m
              [33mclass[31m=[32m"lucide lucide-plus mr-2 h-4 w-4"[31m
              [33mfill[31m=[32m"none"[31m
              [33mheight[31m=[32m"24"[31m
              [33mstroke[31m=[32m"currentColor"[31m
              [33mstroke-linecap[31m=[32m"round"[31m
              [33mstroke-linejoin[31m=[32m"round"[31m
              [33mstroke-width[31m=[32m"2"[31m
              [33mviewBox[31m=[32m"0 0 24 24"[31m
              [33mwidth[31m=[32m"24"[31m
              [33mxmlns[31m=[32m"http://www.w3.org/2000/svg"[31m
            [36m>[31m
              [36m<path[31m
                [33md[31m=[32m"M5 12h14"[31m
              [36m/>[31m
              [36m<path[31m
                [33md[31m=[32m"M12 5v14"[31m
              [36m/>[31m
            [36m</svg>[31m
            [0mNovo Or├ºamento[0m
          [36m</a>[31m
        [36m</div>[31m
      [36m</div>[31m
      [36m<div[31m
        [33mclass[31m=[32m"hidden md:block bg-card rounded-xl border border-border shadow-sm overflow-hidden"[31m
      [36m>[31m
        [36m<div[31m
          [33mclass[31m=[32m"p-12 text-center text-muted-foreground"[31m
        [36m>[31m
          [0mNenhum or├ºamento encontrado com os filtros atuais.[0m
          [36m<div[31m
            [33mclass[31m=[32m"mt-4"[31m
          [36m>[31m
            [36m<a[31m
              [33mclass[31m=[32m"inline-flex items-center rounded-md bg-primary px-3 py-2 text-sm text-primary-foreground"[31m
              [33mhref[31m=[32m"/quotes/new"[31m
            [36m>[31m
              [36m<svg[31m
                [33maria-hidden[31m=[32m"true"[31m
                [33mclass[31m=[32m"lucide lucide-plus mr-2 h-4 w-4"[31m
                [33mfill[31m=[32m"none"[31m
                [33mheight[31m=[32m"24"[31m
                [33mstroke[31m=[32m"currentColor"[31m
                [33mstroke-linecap[31m=[32m"round"[31m
                [33mstroke-linejoin[31m=[32m"round"[31m
                [33mstroke-width[31m=[32m"2"[31m
                [33mviewBox[31m=[32m"0 0 24 24"[31m
                [33mwidth[31m=[32m"24"[31m
                [33mxmlns[31m=[32m"http://www.w3.org/2000/svg"[31m
              [36m>[31m
                [36m<path[31m
                  [33md[31m=[32m"M5 12h14"[31m
                [36m/>[31m
                [36m<path[31m
                  [33md[31m=[32m"M12 5v14"[31m
                [36m/>[31m
              [36m</svg>[31m
              [0mCriar novo or├ºamento[0m
            [36m</a>[31m
          [36m</div>[31m
        [36m</div>[31m
      [36m</div>[31m
      [36m<div[31m
        [33mclass[31m=[32m"md:hidden space-y-4"[31m
      [36m>[31m
        [36m<div[31m
          [33mclass[31m=[32m"p-12 text-center text-muted-foreground bg-card rounded-xl border border-border"[31m
        [36m>[31m
          [0mNenhum or├ºamento encontrado.[0m
        [36m</div>[31m
      [36m</div>[31m
    [36m</div>[31m
  [36m</div>[31m
[36m</body>[31m

Ignored nodes: comments, script, style
[36m<body>[31m
  [36m<div>[31m
    [36m<div[31m
      [33mclass[31m=[32m"space-y-6"[31m
    [36m>[31m
      [36m<div[31m
        [33mclass[31m=[32m"flex justify-between items-center"[31m
      [36m>[31m
        [36m<div[31m
          [33mclass[31m=[32m"w-full flex justify-between items-center bg-card p-4 rounded-xl border border-border shadow-sm"[31m
        [36m>[31m
          [36m<div[31m
            [33mclass[31m=[32m" space-y-1.5"[31m
          [36m>[31m
            [36m<label[31m
              [33mclass[31m=[32m"flex items-center gap-2 text-sm leading-none font-medium select-none group-data-[disabled=true]:pointer-events-none group-data-[disabled=true]:opacity-50 peer-disabled:cursor-not-allowed peer-disabled:opacity-50"[31m
              [33mdata-slot[31m=[32m"label"[31m
              [33mfor[31m=[32m"search"[31m
            [36m>[31m
              [0mProcurar[0m
            [36m</label>[31m
            [36m<div[31m
              [33mclass[31m=[32m"relative"[31m
            [36m>[31m
              [36m<svg[31m
                [33maria-hidden[31m=[32m"true"[31m
                [33mclass[31m=[32m"lucide lucide-search absolute left-2.5 top-2.5 h-4 w-4 text-muted-foreground"[31m
                [33mfill[31m=[32m"none"[31m
                [33mheight[31m=[32m"24"[31m
                [33mstroke[31m=[32m"currentColor"[31m
                [33mstroke-linecap[31m=[32m"round"[31m
                [33mstroke-linejoin[31m=[32m"round"[31m
                [33mstroke-width[31m=[32m"2"[31m
                [33mviewBox[31m=[32m"0 0 24 24"[31m
                [33mwidth[31m=[32m"24"[31m
                [33mxmlns[31m=[32m"http://www.w3.org/2000/svg"[31m
              [36m>[31m
                [36m<path[31m
                  [33md[31m=[32m"m21 21-4.34-4.34"[31m
                [36m/>[31m
                [36m<circle[31m
                  [33mcx[31m=[32m"11"[31m
                  [33mcy[31m=[32m"11"[31m
                  [33mr[31m=[32m"8"[31m
                [36m/>[31m
              [36m</svg>[31m
              [36m<input[31m
                [33mclass[31m=[32m"h-8 w-full min-w-0 rounded-lg border border-input bg-transparent px-2.5 py-1 text-base transition-colors outline-none file:inline-flex file:h-6 file:border-0 file:bg-transparent file:text-sm file:font-medium file:text-foreground placeholder:text-muted-foreground focus-visible:border-ring focus-visible:ring-3 focus-visible:ring-ring/50 disabled:pointer-events-none disabled:cursor-not-allowed disabled:bg-input/50 disabled:opacity-50 aria-invalid:border-destructive aria-invalid:ring-3 aria-invalid:ring-destructive/20 md:text-sm dark:bg-input/30 dark:disabled:bg-input/80 dark:aria-invalid:border-destructive/50 dark:aria-invalid:ring-destructive/40 pl-9"[31m
                [33mdata-slot[31m=[32m"input"[31m
                [33mid[31m=[32m"search"[31m
                [33mplaceholder[31m=[32m"Procurar or├ºamentos..."[31m
                [33mvalue[31m=[32m""[31m
              [36m/>[31m
            [36m</div>[31m
          [36m</div>[31m
          [36m<div[31m
            [33mclass[31m=[32m"space-y-1.5"[31m
          [36m>[31m
            [36m<label[31m
              [33mclass[31m=[32m"flex items-center gap-2 text-sm leading-none font-medium select-none group-data-[disabled=true]:pointer-events-none group-data-[disabled=true]:opacity-50 peer-disabled:cursor-not-allowed peer-disabled:opacity-50"[31m
              [33mdata-slot[31m=[32m"label"[31m
              [33mfor[31m=[32m"status"[31m
            [36m>[31m
              [0mStatus[0m
            [36m</label>[31m
            [36m<select[31m
              [33mclass[31m=[32m"w-full h-9 rounded-lg border border-input bg-transparent px-3 py-1 text-sm outline-none focus-visible:border-ring focus-visible:ring-3 focus-visible:ring-ring/50"[31m
              [33mid[31m=[32m"status"[31m
            [36m>[31m
              [36m<option[31m
                [33mvalue[31m=[32m"all"[31m
              [36m>[31m
                [0mTodos os Status[0m
              [36m</option>[31m
              [36m<option[31m
                [33mvalue[31m=[32m"pending"[31m
              [36m>[31m
                [0mPendentes[0m
              [36m</option>[31m
              [36m<option[31m
                [33mvalue[31m=[32m"approved"[31m
              [36m>[31m
                [0mAprovados[0m
              [36m</option>[31m
              [36m<option[31m
                [33mvalue[31m=[32m"paid"[31m
              [36m>[31m
                [0mPagos[0m
              [36m</option>[31m
            [36m</select>[31m
          [36m</div>[31m
          [36m<div[31m
            [33mclass[31m=[32m"space-y-1.5"[31m
          [36m>[31m
            [36m<label[31m
              [33mclass[31m=[32m"flex items-center gap-2 text-sm leading-none font-medium select-none group-data-[disabled=true]:pointer-events-none group-data-[disabled=true]:opacity-50 peer-disabled:cursor-not-allowed peer-disabled:opacity-50"[31m
              [33mdata-slot[31m=[32m"label"[31m
              [33mfor[31m=[32m"ordem"[31m
            [36m>[31m
              [0mOrdenar[0m
            [36m</label>[31m
            [36m<button[31m
              [33mclass[31m=[32m"group/button cursor-pointer inline-flex shrink-0 items-center justify-center rounded-lg border bg-clip-padding text-sm font-medium transition-all outline-none select-none focus-visible:border-ring focus-visible:ring-3 focus-visible:ring-ring/50 active:not-aria-[haspopup]:translate-y-px disabled:pointer-events-none disabled:opacity-50 aria-invalid:border-destructive aria-invalid:ring-3 aria-invalid:ring-destructive/20 dark:aria-invalid:border-destructive/50 dark:aria-invalid:ring-destructive/40 [&_svg]:pointer-events-none [&_svg]:shrink-0 [&_svg:not([class*='size-'])]:size-4 border-border bg-background hover:bg-muted hover:text-foreground aria-expanded:bg-muted aria-expanded:text-foreground dark:border-input dark:bg-input/30 dark:hover:bg-input/50 h-8 gap-1.5 px-2.5 has-data-[icon=inline-end]:pr-2 has-data-[icon=inline-start]:pl-2 w-full"[31m
              [33mdata-slot[31m=[32m"button"[31m
              [33mtabindex[31m=[32m"0"[31m
              [33mtype[31m=[32m"button"[31m
            [36m>[31m
              [36m<svg[31m
                [33maria-hidden[31m=[32m"true"[31m
                [33mclass[31m=[32m"lucide lucide-arrow-up-down mr-2 h-4 w-4"[31m
                [33mfill[31m=[32m"none"[31m
                [33mheight[31m=[32m"24"[31m
                [33mstroke[31m=[32m"currentColor"[31m
                [33mstroke-linecap[31m=[32m"round"[31m
                [33mstroke-linejoin[31m=[32m"round"[31m
                [33mstroke-width[31m=[32m"2"[31m
                [33mviewBox[31m=[32m"0 0 24 24"[31m
                [33mwidth[31m=[32m"24"[31m
                [33mxmlns[31m=[32m"http://www.w3.org/2000/svg"[31m
              [36m>[31m
                [36m<path[31m
                  [33md[31m=[32m"m21 16-4 4-4-4"[31m
                [36m/>[31m
                [36m<path[31m
                  [33md[31m=[32m"M17 20V4"[31m
                [36m/>[31m
                [36m<path[31m
                  [33md[31m=[32m"m3 8 4-4 4 4"[31m
                [36m/>[31m
                [36m<path[31m
                  [33md[31m=[32m"M7 4v16"[31m
                [36m/>[31m
              [36m</svg>[31m
              [0mOrdenar por Data[0m
            [36m</button>[31m
          [36m</div>[31m
          [36m<a[31m
            [33mclass[31m=[32m"inline-flex items-center justify-center rounded-lg bg-primary px-4 py-2 text-sm font-medium text-primary-foreground shadow transition-colors hover:bg-primary/90 focus-visible:outline-none focus-visible:ring-1 focus-visible:ring-ring"[31m
            [33mhref[31m=[32m"/quotes/new"[31m
          [36m>[31m
            [36m<svg[31m
              [33maria-hidden[31m=[32m"true"[31m
              [33mclass[31m=[32m"lucide lucide-plus mr-2 h-4 w-4"[31m
              [33mfill[31m=[32m"none"[31m
              [33mheight[31m=[32m"24"[31m
              [33mstroke[31m=[32m"currentColor"[31m
              [33mstroke-linecap[31m=[32m"round"[31m
              [33mstroke-linejoin[31m=[32m"round"[31m
              [33mstroke-width[31m=[32m"2"[31m
              [33mviewBox[31m=[32m"0 0 24 24"[31m
              [33mwidth[31m=[32m"24"[31m
              [33mxmlns[31m=[32m"http://www.w3.org/2000/svg"[31m
            [36m>[31m
              [36m<path[31m
                [33md[31m=[32m"M5 12h14"[31m
              [36m/>[31m
              [36m<path[31m
                [33md[31m=[32m"M12 5v14"[31m
              [36m/>[31m
            [36m</svg>[31m
            [0mNovo Or├ºamento[0m
          [36m</a>[31m
        [36m</div>[31m
      [36m</div>[31m
      [36m<div[31m
        [33mclass[31m=[32m"hidden md:block bg-card rounded-xl border border-border shadow-sm overflow-hidden"[31m
      [36m>[31m
        [36m<div[31m
          [33mclass[31m=[32m"p-12 text-center text-muted-foreground"[31m
        [36m>[31m
          [0mNenhum or├ºamento encontrado com os filtros atuais.[0m
          [36m<div[31m
            [33mclass[31m=[32m"mt-4"[31m
          [36m>[31m
            [36m<a[31m
              [33mclass[31m=[32m"inline-flex items-center rounded-md bg-primary px-3 py-2 text-sm text-primary-foreground"[31m
              [33mhref[31m=[32m"/quotes/new"[31m
            [36m>[31m
              [36m<svg[31m
                [33maria-hidden[31m=[32m"true"[31m
                [33mclass[31m=[32m"lucide lucide-plus mr-2 h-4 w-4"[31m
                [33mfill[31m=[32m"none"[31m
                [33mheight[31m=[32m"24"[31m
                [33mstroke[31m=[32m"currentColor"[31m
                [33mstroke-linecap[31m=[32m"round"[31m
                [33mstroke-linejoin[31m=[32m"round"[31m
                [33mstroke-width[31m=[32m"2"[31m
                [33mviewBox[31m=[32m"0 0 24 24"[31m
                [33mwidth[31m=[32m"24"[31m
                [33mxmlns[31m=[32m"http://www.w3.org/2000/svg"[31m
              [36m>[31m
                [36m<path[31m
                  [33md[31m=[32m"M5 12h14"[31m
                [36m/>[31m
                [36m<path[31m
                  [33md[31m=[32m"M12 5v14"[31m
                [36m/>[31m
              [36m</svg>[31m
              [0mCriar novo or├ºamento[0m
            [36m</a>[31m
          [36m</div>[31m
        [36m</div>[31m
      [36m</div>[31m
      [36m<div[31m
        [33mclass[31m=[32m"md:hidden space-y-4"[31m
      [36m>[31m
        [36m<div[31m
          [33mclass[31m=[32m"p-12 text-center text-muted-foreground bg-card rounded-xl border border-border"[31m
        [36m>[31m
          [0mNenhum or├ºamento encontrado.[0m
        [36m</div>[31m
      [36m</div>[31m
    [36m</div>[31m
  [36m</div>[31m
[36m</body>[31m[39m
 [31m├ù[39m src/app/quotes/page.test.tsx[2m > [22mQuotesHistory Page[2m > [22mfilters by status[33m 1029[2mms[22m[39m
[31m   ÔåÆ Unable to find an element with the text: /Pintura Sala/i. This could be because the text is broken up by multiple elements. In this case, you can provide a function for your text matcher to make your matcher more flexible.

Ignored nodes: comments, script, style
[36m<body>[31m
  [36m<div>[31m
    [36m<div[31m
      [33mclass[31m=[32m"space-y-6"[31m
    [36m>[31m
      [36m<div[31m
        [33mclass[31m=[32m"flex justify-between items-center"[31m
      [36m>[31m
        [36m<div[31m
          [33mclass[31m=[32m"w-full flex justify-between items-center bg-card p-4 rounded-xl border border-border shadow-sm"[31m
        [36m>[31m
          [36m<div[31m
            [33mclass[31m=[32m" space-y-1.5"[31m
          [36m>[31m
            [36m<label[31m
              [33mclass[31m=[32m"flex items-center gap-2 text-sm leading-none font-medium select-none group-data-[disabled=true]:pointer-events-none group-data-[disabled=true]:opacity-50 peer-disabled:cursor-not-allowed peer-disabled:opacity-50"[31m
              [33mdata-slot[31m=[32m"label"[31m
              [33mfor[31m=[32m"search"[31m
            [36m>[31m
              [0mProcurar[0m
            [36m</label>[31m
            [36m<div[31m
              [33mclass[31m=[32m"relative"[31m
            [36m>[31m
              [36m<svg[31m
                [33maria-hidden[31m=[32m"true"[31m
                [33mclass[31m=[32m"lucide lucide-search absolute left-2.5 top-2.5 h-4 w-4 text-muted-foreground"[31m
                [33mfill[31m=[32m"none"[31m
                [33mheight[31m=[32m"24"[31m
                [33mstroke[31m=[32m"currentColor"[31m
                [33mstroke-linecap[31m=[32m"round"[31m
                [33mstroke-linejoin[31m=[32m"round"[31m
                [33mstroke-width[31m=[32m"2"[31m
                [33mviewBox[31m=[32m"0 0 24 24"[31m
                [33mwidth[31m=[32m"24"[31m
                [33mxmlns[31m=[32m"http://www.w3.org/2000/svg"[31m
              [36m>[31m
                [36m<path[31m
                  [33md[31m=[32m"m21 21-4.34-4.34"[31m
                [36m/>[31m
                [36m<circle[31m
                  [33mcx[31m=[32m"11"[31m
                  [33mcy[31m=[32m"11"[31m
                  [33mr[31m=[32m"8"[31m
                [36m/>[31m
              [36m</svg>[31m
              [36m<input[31m
                [33mclass[31m=[32m"h-8 w-full min-w-0 rounded-lg border border-input bg-transparent px-2.5 py-1 text-base transition-colors outline-none file:inline-flex file:h-6 file:border-0 file:bg-transparent file:text-sm file:font-medium file:text-foreground placeholder:text-muted-foreground focus-visible:border-ring focus-visible:ring-3 focus-visible:ring-ring/50 disabled:pointer-events-none disabled:cursor-not-allowed disabled:bg-input/50 disabled:opacity-50 aria-invalid:border-destructive aria-invalid:ring-3 aria-invalid:ring-destructive/20 md:text-sm dark:bg-input/30 dark:disabled:bg-input/80 dark:aria-invalid:border-destructive/50 dark:aria-invalid:ring-destructive/40 pl-9"[31m
                [33mdata-slot[31m=[32m"input"[31m
                [33mid[31m=[32m"search"[31m
                [33mplaceholder[31m=[32m"Procurar or├ºamentos..."[31m
                [33mvalue[31m=[32m""[31m
              [36m/>[31m
            [36m</div>[31m
          [36m</div>[31m
          [36m<div[31m
            [33mclass[31m=[32m"space-y-1.5"[31m
          [36m>[31m
            [36m<label[31m
              [33mclass[31m=[32m"flex items-center gap-2 text-sm leading-none font-medium select-none group-data-[disabled=true]:pointer-events-none group-data-[disabled=true]:opacity-50 peer-disabled:cursor-not-allowed peer-disabled:opacity-50"[31m
              [33mdata-slot[31m=[32m"label"[31m
              [33mfor[31m=[32m"status"[31m
            [36m>[31m
              [0mStatus[0m
            [36m</label>[31m
            [36m<select[31m
              [33mclass[31m=[32m"w-full h-9 rounded-lg border border-input bg-transparent px-3 py-1 text-sm outline-none focus-visible:border-ring focus-visible:ring-3 focus-visible:ring-ring/50"[31m
              [33mid[31m=[32m"status"[31m
            [36m>[31m
              [36m<option[31m
                [33mvalue[31m=[32m"all"[31m
              [36m>[31m
                [0mTodos os Status[0m
              [36m</option>[31m
              [36m<option[31m
                [33mvalue[31m=[32m"pending"[31m
              [36m>[31m
                [0mPendentes[0m
              [36m</option>[31m
              [36m<option[31m
                [33mvalue[31m=[32m"approved"[31m
              [36m>[31m
                [0mAprovados[0m
              [36m</option>[31m
              [36m<option[31m
                [33mvalue[31m=[32m"paid"[31m
              [36m>[31m
                [0mPagos[0m
              [36m</option>[31m
            [36m</select>[31m
          [36m</div>[31m
          [36m<div[31m
            [33mclass[31m=[32m"space-y-1.5"[31m
          [36m>[31m
            [36m<label[31m
              [33mclass[31m=[32m"flex items-center gap-2 text-sm leading-none font-medium select-none group-data-[disabled=true]:pointer-events-none group-data-[disabled=true]:opacity-50 peer-disabled:cursor-not-allowed peer-disabled:opacity-50"[31m
              [33mdata-slot[31m=[32m"label"[31m
              [33mfor[31m=[32m"ordem"[31m
            [36m>[31m
              [0mOrdenar[0m
            [36m</label>[31m
            [36m<button[31m
              [33mclass[31m=[32m"group/button cursor-pointer inline-flex shrink-0 items-center justify-center rounded-lg border bg-clip-padding text-sm font-medium transition-all outline-none select-none focus-visible:border-ring focus-visible:ring-3 focus-visible:ring-ring/50 active:not-aria-[haspopup]:translate-y-px disabled:pointer-events-none disabled:opacity-50 aria-invalid:border-destructive aria-invalid:ring-3 aria-invalid:ring-destructive/20 dark:aria-invalid:border-destructive/50 dark:aria-invalid:ring-destructive/40 [&_svg]:pointer-events-none [&_svg]:shrink-0 [&_svg:not([class*='size-'])]:size-4 border-border bg-background hover:bg-muted hover:text-foreground aria-expanded:bg-muted aria-expanded:text-foreground dark:border-input dark:bg-input/30 dark:hover:bg-input/50 h-8 gap-1.5 px-2.5 has-data-[icon=inline-end]:pr-2 has-data-[icon=inline-start]:pl-2 w-full"[31m
              [33mdata-slot[31m=[32m"button"[31m
              [33mtabindex[31m=[32m"0"[31m
              [33mtype[31m=[32m"button"[31m
            [36m>[31m
              [36m<svg[31m
                [33maria-hidden[31m=[32m"true"[31m
                [33mclass[31m=[32m"lucide lucide-arrow-up-down mr-2 h-4 w-4"[31m
                [33mfill[31m=[32m"none"[31m
                [33mheight[31m=[32m"24"[31m
                [33mstroke[31m=[32m"currentColor"[31m
                [33mstroke-linecap[31m=[32m"round"[31m
                [33mstroke-linejoin[31m=[32m"round"[31m
                [33mstroke-width[31m=[32m"2"[31m
                [33mviewBox[31m=[32m"0 0 24 24"[31m
                [33mwidth[31m=[32m"24"[31m
                [33mxmlns[31m=[32m"http://www.w3.org/2000/svg"[31m
              [36m>[31m
                [36m<path[31m
                  [33md[31m=[32m"m21 16-4 4-4-4"[31m
                [36m/>[31m
                [36m<path[31m
                  [33md[31m=[32m"M17 20V4"[31m
                [36m/>[31m
                [36m<path[31m
                  [33md[31m=[32m"m3 8 4-4 4 4"[31m
                [36m/>[31m
                [36m<path[31m
                  [33md[31m=[32m"M7 4v16"[31m
                [36m/>[31m
              [36m</svg>[31m
              [0mOrdenar por Data[0m
            [36m</button>[31m
          [36m</div>[31m
          [36m<a[31m
            [33mclass[31m=[32m"inline-flex items-center justify-center rounded-lg bg-primary px-4 py-2 text-sm font-medium text-primary-foreground shadow transition-colors hover:bg-primary/90 focus-visible:outline-none focus-visible:ring-1 focus-visible:ring-ring"[31m
            [33mhref[31m=[32m"/quotes/new"[31m
          [36m>[31m
            [36m<svg[31m
              [33maria-hidden[31m=[32m"true"[31m
              [33mclass[31m=[32m"lucide lucide-plus mr-2 h-4 w-4"[31m
              [33mfill[31m=[32m"none"[31m
              [33mheight[31m=[32m"24"[31m
              [33mstroke[31m=[32m"currentColor"[31m
              [33mstroke-linecap[31m=[32m"round"[31m
              [33mstroke-linejoin[31m=[32m"round"[31m
              [33mstroke-width[31m=[32m"2"[31m
              [33mviewBox[31m=[32m"0 0 24 24"[31m
              [33mwidth[31m=[32m"24"[31m
              [33mxmlns[31m=[32m"http://www.w3.org/2000/svg"[31m
            [36m>[31m
              [36m<path[31m
                [33md[31m=[32m"M5 12h14"[31m
              [36m/>[31m
              [36m<path[31m
                [33md[31m=[32m"M12 5v14"[31m
              [36m/>[31m
            [36m</svg>[31m
            [0mNovo Or├ºamento[0m
          [36m</a>[31m
        [36m</div>[31m
      [36m</div>[31m
      [36m<div[31m
        [33mclass[31m=[32m"hidden md:block bg-card rounded-xl border border-border shadow-sm overflow-hidden"[31m
      [36m>[31m
        [36m<div[31m
          [33mclass[31m=[32m"p-12 text-center text-muted-foreground"[31m
        [36m>[31m
          [0mNenhum or├ºamento encontrado com os filtros atuais.[0m
          [36m<div[31m
            [33mclass[31m=[32m"mt-4"[31m
          [36m>[31m
            [36m<a[31m
              [33mclass[31m=[32m"inline-flex items-center rounded-md bg-primary px-3 py-2 text-sm text-primary-foreground"[31m
              [33mhref[31m=[32m"/quotes/new"[31m
            [36m>[31m
              [36m<svg[31m
                [33maria-hidden[31m=[32m"true"[31m
                [33mclass[31m=[32m"lucide lucide-plus mr-2 h-4 w-4"[31m
                [33mfill[31m=[32m"none"[31m
                [33mheight[31m=[32m"24"[31m
                [33mstroke[31m=[32m"currentColor"[31m
                [33mstroke-linecap[31m=[32m"round"[31m
                [33mstroke-linejoin[31m=[32m"round"[31m
                [33mstroke-width[31m=[32m"2"[31m
                [33mviewBox[31m=[32m"0 0 24 24"[31m
                [33mwidth[31m=[32m"24"[31m
                [33mxmlns[31m=[32m"http://www.w3.org/2000/svg"[31m
              [36m>[31m
                [36m<path[31m
                  [33md[31m=[32m"M5 12h14"[31m
                [36m/>[31m
                [36m<path[31m
                  [33md[31m=[32m"M12 5v14"[31m
                [36m/>[31m
              [36m</svg>[31m
              [0mCriar novo or├ºamento[0m
            [36m</a>[31m
          [36m</div>[31m
        [36m</div>[31m
      [36m</div>[31m
      [36m<div[31m
        [33mclass[31m=[32m"md:hidden space-y-4"[31m
      [36m>[31m
        [36m<div[31m
          [33mclass[31m=[32m"p-12 text-center text-muted-foreground bg-card rounded-xl border border-border"[31m
        [36m>[31m
          [0mNenhum or├ºamento encontrado.[0m
        [36m</div>[31m
      [36m</div>[31m
    [36m</div>[31m
  [36m</div>[31m
[36m</body>[31m

Ignored nodes: comments, script, style
[36m<body>[31m
  [36m<div>[31m
    [36m<div[31m
      [33mclass[31m=[32m"space-y-6"[31m
    [36m>[31m
      [36m<div[31m
        [33mclass[31m=[32m"flex justify-between items-center"[31m
      [36m>[31m
        [36m<div[31m
          [33mclass[31m=[32m"w-full flex justify-between items-center bg-card p-4 rounded-xl border border-border shadow-sm"[31m
        [36m>[31m
          [36m<div[31m
            [33mclass[31m=[32m" space-y-1.5"[31m
          [36m>[31m
            [36m<label[31m
              [33mclass[31m=[32m"flex items-center gap-2 text-sm leading-none font-medium select-none group-data-[disabled=true]:pointer-events-none group-data-[disabled=true]:opacity-50 peer-disabled:cursor-not-allowed peer-disabled:opacity-50"[31m
              [33mdata-slot[31m=[32m"label"[31m
              [33mfor[31m=[32m"search"[31m
            [36m>[31m
              [0mProcurar[0m
            [36m</label>[31m
            [36m<div[31m
              [33mclass[31m=[32m"relative"[31m
            [36m>[31m
              [36m<svg[31m
                [33maria-hidden[31m=[32m"true"[31m
                [33mclass[31m=[32m"lucide lucide-search absolute left-2.5 top-2.5 h-4 w-4 text-muted-foreground"[31m
                [33mfill[31m=[32m"none"[31m
                [33mheight[31m=[32m"24"[31m
                [33mstroke[31m=[32m"currentColor"[31m
                [33mstroke-linecap[31m=[32m"round"[31m
                [33mstroke-linejoin[31m=[32m"round"[31m
                [33mstroke-width[31m=[32m"2"[31m
                [33mviewBox[31m=[32m"0 0 24 24"[31m
                [33mwidth[31m=[32m"24"[31m
                [33mxmlns[31m=[32m"http://www.w3.org/2000/svg"[31m
              [36m>[31m
                [36m<path[31m
                  [33md[31m=[32m"m21 21-4.34-4.34"[31m
                [36m/>[31m
                [36m<circle[31m
                  [33mcx[31m=[32m"11"[31m
                  [33mcy[31m=[32m"11"[31m
                  [33mr[31m=[32m"8"[31m
                [36m/>[31m
              [36m</svg>[31m
              [36m<input[31m
                [33mclass[31m=[32m"h-8 w-full min-w-0 rounded-lg border border-input bg-transparent px-2.5 py-1 text-base transition-colors outline-none file:inline-flex file:h-6 file:border-0 file:bg-transparent file:text-sm file:font-medium file:text-foreground placeholder:text-muted-foreground focus-visible:border-ring focus-visible:ring-3 focus-visible:ring-ring/50 disabled:pointer-events-none disabled:cursor-not-allowed disabled:bg-input/50 disabled:opacity-50 aria-invalid:border-destructive aria-invalid:ring-3 aria-invalid:ring-destructive/20 md:text-sm dark:bg-input/30 dark:disabled:bg-input/80 dark:aria-invalid:border-destructive/50 dark:aria-invalid:ring-destructive/40 pl-9"[31m
                [33mdata-slot[31m=[32m"input"[31m
                [33mid[31m=[32m"search"[31m
                [33mplaceholder[31m=[32m"Procurar or├ºamentos..."[31m
                [33mvalue[31m=[32m""[31m
              [36m/>[31m
            [36m</div>[31m
          [36m</div>[31m
          [36m<div[31m
            [33mclass[31m=[32m"space-y-1.5"[31m
          [36m>[31m
            [36m<label[31m
              [33mclass[31m=[32m"flex items-center gap-2 text-sm leading-none font-medium select-none group-data-[disabled=true]:pointer-events-none group-data-[disabled=true]:opacity-50 peer-disabled:cursor-not-allowed peer-disabled:opacity-50"[31m
              [33mdata-slot[31m=[32m"label"[31m
              [33mfor[31m=[32m"status"[31m
            [36m>[31m
              [0mStatus[0m
            [36m</label>[31m
            [36m<select[31m
              [33mclass[31m=[32m"w-full h-9 rounded-lg border border-input bg-transparent px-3 py-1 text-sm outline-none focus-visible:border-ring focus-visible:ring-3 focus-visible:ring-ring/50"[31m
              [33mid[31m=[32m"status"[31m
            [36m>[31m
              [36m<option[31m
                [33mvalue[31m=[32m"all"[31m
              [36m>[31m
                [0mTodos os Status[0m
              [36m</option>[31m
              [36m<option[31m
                [33mvalue[31m=[32m"pending"[31m
              [36m>[31m
                [0mPendentes[0m
              [36m</option>[31m
              [36m<option[31m
                [33mvalue[31m=[32m"approved"[31m
              [36m>[31m
                [0mAprovados[0m
              [36m</option>[31m
              [36m<option[31m
                [33mvalue[31m=[32m"paid"[31m
              [36m>[31m
                [0mPagos[0m
              [36m</option>[31m
            [36m</select>[31m
          [36m</div>[31m
          [36m<div[31m
            [33mclass[31m=[32m"space-y-1.5"[31m
          [36m>[31m
            [36m<label[31m
              [33mclass[31m=[32m"flex items-center gap-2 text-sm leading-none font-medium select-none group-data-[disabled=true]:pointer-events-none group-data-[disabled=true]:opacity-50 peer-disabled:cursor-not-allowed peer-disabled:opacity-50"[31m
              [33mdata-slot[31m=[32m"label"[31m
              [33mfor[31m=[32m"ordem"[31m
            [36m>[31m
              [0mOrdenar[0m
            [36m</label>[31m
            [36m<button[31m
              [33mclass[31m=[32m"group/button cursor-pointer inline-flex shrink-0 items-center justify-center rounded-lg border bg-clip-padding text-sm font-medium transition-all outline-none select-none focus-visible:border-ring focus-visible:ring-3 focus-visible:ring-ring/50 active:not-aria-[haspopup]:translate-y-px disabled:pointer-events-none disabled:opacity-50 aria-invalid:border-destructive aria-invalid:ring-3 aria-invalid:ring-destructive/20 dark:aria-invalid:border-destructive/50 dark:aria-invalid:ring-destructive/40 [&_svg]:pointer-events-none [&_svg]:shrink-0 [&_svg:not([class*='size-'])]:size-4 border-border bg-background hover:bg-muted hover:text-foreground aria-expanded:bg-muted aria-expanded:text-foreground dark:border-input dark:bg-input/30 dark:hover:bg-input/50 h-8 gap-1.5 px-2.5 has-data-[icon=inline-end]:pr-2 has-data-[icon=inline-start]:pl-2 w-full"[31m
              [33mdata-slot[31m=[32m"button"[31m
              [33mtabindex[31m=[32m"0"[31m
              [33mtype[31m=[32m"button"[31m
            [36m>[31m
              [36m<svg[31m
                [33maria-hidden[31m=[32m"true"[31m
                [33mclass[31m=[32m"lucide lucide-arrow-up-down mr-2 h-4 w-4"[31m
                [33mfill[31m=[32m"none"[31m
                [33mheight[31m=[32m"24"[31m
                [33mstroke[31m=[32m"currentColor"[31m
                [33mstroke-linecap[31m=[32m"round"[31m
                [33mstroke-linejoin[31m=[32m"round"[31m
                [33mstroke-width[31m=[32m"2"[31m
                [33mviewBox[31m=[32m"0 0 24 24"[31m
                [33mwidth[31m=[32m"24"[31m
                [33mxmlns[31m=[32m"http://www.w3.org/2000/svg"[31m
              [36m>[31m
                [36m<path[31m
                  [33md[31m=[32m"m21 16-4 4-4-4"[31m
                [36m/>[31m
                [36m<path[31m
                  [33md[31m=[32m"M17 20V4"[31m
                [36m/>[31m
                [36m<path[31m
                  [33md[31m=[32m"m3 8 4-4 4 4"[31m
                [36m/>[31m
                [36m<path[31m
                  [33md[31m=[32m"M7 4v16"[31m
                [36m/>[31m
              [36m</svg>[31m
              [0mOrdenar por Data[0m
            [36m</button>[31m
          [36m</div>[31m
          [36m<a[31m
            [33mclass[31m=[32m"inline-flex items-center justify-center rounded-lg bg-primary px-4 py-2 text-sm font-medium text-primary-foreground shadow transition-colors hover:bg-primary/90 focus-visible:outline-none focus-visible:ring-1 focus-visible:ring-ring"[31m
            [33mhref[31m=[32m"/quotes/new"[31m
          [36m>[31m
            [36m<svg[31m
              [33maria-hidden[31m=[32m"true"[31m
              [33mclass[31m=[32m"lucide lucide-plus mr-2 h-4 w-4"[31m
              [33mfill[31m=[32m"none"[31m
              [33mheight[31m=[32m"24"[31m
              [33mstroke[31m=[32m"currentColor"[31m
              [33mstroke-linecap[31m=[32m"round"[31m
              [33mstroke-linejoin[31m=[32m"round"[31m
              [33mstroke-width[31m=[32m"2"[31m
              [33mviewBox[31m=[32m"0 0 24 24"[31m
              [33mwidth[31m=[32m"24"[31m
              [33mxmlns[31m=[32m"http://www.w3.org/2000/svg"[31m
            [36m>[31m
              [36m<path[31m
                [33md[31m=[32m"M5 12h14"[31m
              [36m/>[31m
              [36m<path[31m
                [33md[31m=[32m"M12 5v14"[31m
              [36m/>[31m
            [36m</svg>[31m
            [0mNovo Or├ºamento[0m
          [36m</a>[31m
        [36m</div>[31m
      [36m</div>[31m
      [36m<div[31m
        [33mclass[31m=[32m"hidden md:block bg-card rounded-xl border border-border shadow-sm overflow-hidden"[31m
      [36m>[31m
        [36m<div[31m
          [33mclass[31m=[32m"p-12 text-center text-muted-foreground"[31m
        [36m>[31m
          [0mNenhum or├ºamento encontrado com os filtros atuais.[0m
          [36m<div[31m
            [33mclass[31m=[32m"mt-4"[31m
          [36m>[31m
            [36m<a[31m
              [33mclass[31m=[32m"inline-flex items-center rounded-md bg-primary px-3 py-2 text-sm text-primary-foreground"[31m
              [33mhref[31m=[32m"/quotes/new"[31m
            [36m>[31m
              [36m<svg[31m
                [33maria-hidden[31m=[32m"true"[31m
                [33mclass[31m=[32m"lucide lucide-plus mr-2 h-4 w-4"[31m
                [33mfill[31m=[32m"none"[31m
                [33mheight[31m=[32m"24"[31m
                [33mstroke[31m=[32m"currentColor"[31m
                [33mstroke-linecap[31m=[32m"round"[31m
                [33mstroke-linejoin[31m=[32m"round"[31m
                [33mstroke-width[31m=[32m"2"[31m
                [33mviewBox[31m=[32m"0 0 24 24"[31m
                [33mwidth[31m=[32m"24"[31m
                [33mxmlns[31m=[32m"http://www.w3.org/2000/svg"[31m
              [36m>[31m
                [36m<path[31m
                  [33md[31m=[32m"M5 12h14"[31m
                [36m/>[31m
                [36m<path[31m
                  [33md[31m=[32m"M12 5v14"[31m
                [36m/>[31m
              [36m</svg>[31m
              [0mCriar novo or├ºamento[0m
            [36m</a>[31m
          [36m</div>[31m
        [36m</div>[31m
      [36m</div>[31m
      [36m<div[31m
        [33mclass[31m=[32m"md:hidden space-y-4"[31m
node.exe : 
No C:\nvm4w\nodejs\npx.ps1:16 caractere:5
+     & "$basedir/node$exe"  "$basedir/node_modules/npm/bin/npx-cli.js" ...
+     ~~~~~~~~~~~~~~~~~~~~~~~~~~~~~~~~~~~~~~~~~~~~~~~~~~~~~~~~~~~~~~~~~
    + CategoryInfo          : NotSpecified: (:String) [], RemoteException
    + FullyQualifiedErrorId : NativeCommandError
 
[31mÔÄ»ÔÄ»ÔÄ»ÔÄ»ÔÄ»ÔÄ»ÔÄ»[39m[1m[41m Failed Tests 3 
[49m[22m[31mÔÄ»ÔÄ»ÔÄ»ÔÄ»ÔÄ»ÔÄ»ÔÄ»[39m

[41m[1m FAIL [22m[49m src/app/quotes/page.test.tsx[2m > 
[22mQuotesHistory Page[2m > [22mrenders list of quotes
      [36m>[31m
        [36m<div[31m
          [33mclass[31m=[32m"p-12 text-center text-muted-foreground bg-card rounded-xl border border-border"[31m
        [36m>[31m
          [0mNenhum or├ºamento encontrado.[0m
        [36m</div>[31m
      [36m</div>[31m
    [36m</div>[31m
  [36m</div>[31m
[36m</body>[31m[39m
[31m[1mTestingLibraryElementError[22m[39m: Unable to find an element with 
the text: /Reforma Cozinha/i. This could be because the text is broken up by 
multiple elements. In this case, you can provide a function for your text 
matcher to make your matcher more flexible.

Ignored nodes: comments, script, style
[36m<body>[39m
  [36m<div>[39m
    [36m<div[39m
      [33mclass[39m=[32m"space-y-6"[39m
    [36m>[39m
      [36m<div[39m
        [33mclass[39m=[32m"flex justify-between items-center"[39m
      [36m>[39m
        [36m<div[39m
          [33mclass[39m=[32m"w-full flex justify-between items-center 
bg-card p-4 rounded-xl border border-border shadow-sm"[39m
        [36m>[39m
          [36m<div[39m
            [33mclass[39m=[32m" space-y-1.5"[39m
          [36m>[39m
            [36m<label[39m
              [33mclass[39m=[32m"flex items-center gap-2 text-sm 
leading-none font-medium select-none 
group-data-[disabled=true]:pointer-events-none 
group-data-[disabled=true]:opacity-50 peer-disabled:cursor-not-allowed 
peer-disabled:opacity-50"[39m
              [33mdata-slot[39m=[32m"label"[39m
              [33mfor[39m=[32m"search"[39m
            [36m>[39m
              [0mProcurar[0m
            [36m</label>[39m
            [36m<div[39m
              [33mclass[39m=[32m"relative"[39m
            [36m>[39m
              [36m<svg[39m
                [33maria-hidden[39m=[32m"true"[39m
                [33mclass[39m=[32m"lucide lucide-search absolute left-2.5 
top-2.5 h-4 w-4 text-muted-foreground"[39m
                [33mfill[39m=[32m"none"[39m
                [33mheight[39m=[32m"24"[39m
                [33mstroke[39m=[32m"currentColor"[39m
                [33mstroke-linecap[39m=[32m"round"[39m
                [33mstroke-linejoin[39m=[32m"round"[39m
                [33mstroke-width[39m=[32m"2"[39m
                [33mviewBox[39m=[32m"0 0 24 24"[39m
                [33mwidth[39m=[32m"24"[39m
                [33mxmlns[39m=[32m"http://www.w3.org/2000/svg"[39m
              [36m>[39m
                [36m<path[39m
                  [33md[39m=[32m"m21 21-4.34-4.34"[39m
                [36m/>[39m
                [36m<circle[39m
                  [33mcx[39m=[32m"11"[39m
                  [33mcy[39m=[32m"11"[39m
                  [33mr[39m=[32m"8"[39m
                [36m/>[39m
              [36m</svg>[39m
              [36m<input[39m
                [33mclass[39m=[32m"h-8 w-full min-w-0 rounded-lg border 
border-input bg-transparent px-2.5 py-1 text-base transition-colors 
outline-none file:inline-flex file:h-6 file:border-0 file:bg-transparent 
file:text-sm file:font-medium file:text-foreground 
placeholder:text-muted-foreground focus-visible:border-ring 
focus-visible:ring-3 focus-visible:ring-ring/50 disabled:pointer-events-none 
disabled:cursor-not-allowed disabled:bg-input/50 disabled:opacity-50 
aria-invalid:border-destructive aria-invalid:ring-3 
aria-invalid:ring-destructive/20 md:text-sm dark:bg-input/30 
dark:disabled:bg-input/80 dark:aria-invalid:border-destructive/50 
dark:aria-invalid:ring-destructive/40 pl-9"[39m
                [33mdata-slot[39m=[32m"input"[39m
                [33mid[39m=[32m"search"[39m
                [33mplaceholder[39m=[32m"Procurar or├ºamentos..."[39m
                [33mvalue[39m=[32m""[39m
              [36m/>[39m
            [36m</div>[39m
          [36m</div>[39m
          [36m<div[39m
            [33mclass[39m=[32m"space-y-1.5"[39m
          [36m>[39m
            [36m<label[39m
              [33mclass[39m=[32m"flex items-center gap-2 text-sm 
leading-none font-medium select-none 
group-data-[disabled=true]:pointer-events-none 
group-data-[disabled=true]:opacity-50 peer-disabled:cursor-not-allowed 
peer-disabled:opacity-50"[39m
              [33mdata-slot[39m=[32m"label"[39m
              [33mfor[39m=[32m"status"[39m
            [36m>[39m
              [0mStatus[0m
            [36m</label>[39m
            [36m<select[39m
              [33mclass[39m=[32m"w-full h-9 rounded-lg border border-input 
bg-transparent px-3 py-1 text-sm outline-none focus-visible:border-ring 
focus-visible:ring-3 focus-visible:ring-ring/50"[39m
              [33mid[39m=[32m"status"[39m
            [36m>[39m
              [36m<option[39m
                [33mvalue[39m=[32m"all"[39m
              [36m>[39m
                [0mTodos os Status[0m
              [36m</option>[39m
              [36m<option[39m
                [33mvalue[39m=[32m"pending"[39m
              [36m>[39m
                [0mPendentes[0m
              [36m</option>[39m
              [36m<option[39m
                [33mvalue[39m=[32m"approved"[39m
              [36m>[39m
                [0mAprovados[0m
              [36m</option>[39m
              [36m<option[39m
                [33mvalue[39m=[32m"paid"[39m
              [36m>[39m
                [0mPagos[0m
              [36m</option>[39m
            [36m</select>[39m
          [36m</div>[39m
          [36m<div[39m
            [33mclass[39m=[32m"space-y-1.5"[39m
          [36m>[39m
            [36m<label[39m
              [33mclass[39m=[32m"flex items-center gap-2 text-sm 
leading-none font-medium select-none 
group-data-[disabled=true]:pointer-events-none 
group-data-[disabled=true]:opacity-50 peer-disabled:cursor-not-allowed 
peer-disabled:opacity-50"[39m
              [33mdata-slot[39m=[32m"label"[39m
              [33mfor[39m=[32m"ordem"[39m
            [36m>[39m
              [0mOrdenar[0m
            [36m</label>[39m
            [36m<button[39m
              [33mclass[39m=[32m"group/button cursor-pointer inline-flex 
shrink-0 items-center justify-center rounded-lg border bg-clip-padding text-sm 
font-medium transition-all outline-none select-none focus-visible:border-ring 
focus-visible:ring-3 focus-visible:ring-ring/50 
active:not-aria-[haspopup]:translate-y-px disabled:pointer-events-none 
disabled:opacity-50 aria-invalid:border-destructive aria-invalid:ring-3 
aria-invalid:ring-destructive/20 dark:aria-invalid:border-destructive/50 
dark:aria-invalid:ring-destructive/40 [&_svg]:pointer-events-none 
[&_svg]:shrink-0 [&_svg:not([class*='size-'])]:size-4 border-border 
bg-background hover:bg-muted hover:text-foreground aria-expanded:bg-muted 
aria-expanded:text-foreground dark:border-input dark:bg-input/30 
dark:hover:bg-input/50 h-8 gap-1.5 px-2.5 has-data-[icon=inline-end]:pr-2 
has-data-[icon=inline-start]:pl-2 w-full"[39m
              [33mdata-slot[39m=[32m"button"[39m
              [33mtabindex[39m=[32m"0"[39m
              [33mtype[39m=[32m"button"[39m
            [36m>[39m
              [36m<svg[39m
                [33maria-hidden[39m=[32m"true"[39m
                [33mclass[39m=[32m"lucide lucide-arrow-up-down mr-2 h-4 
w-4"[39m
                [33mfill[39m=[32m"none"[39m
                [33mheight[39m=[32m"24"[39m
                [33mstroke[39m=[32m"currentColor"[39m
                [33mstroke-linecap[39m=[32m"round"[39m
                [33mstroke-linejoin[39m=[32m"round"[39m
                [33mstroke-width[39m=[32m"2"[39m
                [33mviewBox[39m=[32m"0 0 24 24"[39m
                [33mwidth[39m=[32m"24"[39m
                [33mxmlns[39m=[32m"http://www.w3.org/2000/svg"[39m
              [36m>[39m
                [36m<path[39m
                  [33md[39m=[32m"m21 16-4 4-4-4"[39m
                [36m/>[39m
                [36m<path[39m
                  [33md[39m=[32m"M17 20V4"[39m
                [36m/>[39m
                [36m<path[39m
                  [33md[39m=[32m"m3 8 4-4 4 4"[39m
                [36m/>[39m
                [36m<path[39m
                  [33md[39m=[32m"M7 4v16"[39m
                [36m/>[39m
              [36m</svg>[39m
              [0mOrdenar por Data[0m
            [36m</button>[39m
          [36m</div>[39m
          [36m<a[39m
            [33mclass[39m=[32m"inline-flex items-center justify-center 
rounded-lg bg-primary px-4 py-2 text-sm font-medium text-primary-foreground 
shadow transition-colors hover:bg-primary/90 focus-visible:outline-none 
focus-visible:ring-1 focus-visible:ring-ring"[39m
            [33mhref[39m=[32m"/quotes/new"[39m
          [36m>[39m
            [36m<svg[39m
              [33maria-hidden[39m=[32m"true"[39m
              [33mclass[39m=[32m"lucide lucide-plus mr-2 h-4 w-4"[39m
              [33mfill[39m=[32m"none"[39m
              [33mheight[39m=[32m"24"[39m
              [33mstroke[39m=[32m"currentColor"[39m
              [33mstroke-linecap[39m=[32m"round"[39m
              [33mstroke-linejoin[39m=[32m"round"[39m
              [33mstroke-width[39m=[32m"2"[39m
              [33mviewBox[39m=[32m"0 0 24 24"[39m
              [33mwidth[39m=[32m"24"[39m
              [33mxmlns[39m=[32m"http://www.w3.org/2000/svg"[39m
            [36m>[39m
              [36m<path[39m
                [33md[39m=[32m"M5 12h14"[39m
              [36m/>[39m
              [36m<path[39m
                [33md[39m=[32m"M12 5v14"[39m
              [36m/>[39m
            [36m</svg>[39m
            [0mNovo Or├ºamento[0m
          [36m</a>[39m
        [36m</div>[39m
      [36m</div>[39m
      [36m<div[39m
        [33mclass[39m=[32m"hidden md:block bg-card rounded-xl border 
border-border shadow-sm overflow-hidden"[39m
      [36m>[39m
        [36m<div[39m
          [33mclass[39m=[32m"p-12 text-center text-muted-foreground"[39m
        [36m>[39m
          [0mNenhum or├ºamento encontrado com os filtros atuais.[0m
          [36m<div[39m
            [33mclass[39m=[32m"mt-4"[39m
          [36m>[39m
            [36m<a[39m
              [33mclass[39m=[32m"inline-flex items-center rounded-md 
bg-primary px-3 py-2 text-sm text-primary-foreground"[39m
              [33mhref[39m=[32m"/quotes/new"[39m
            [36m>[39m
              [36m<svg[39m
                [33maria-hidden[39m=[32m"true"[39m
                [33mclass[39m=[32m"lucide lucide-plus mr-2 h-4 w-4"[39m
                [33mfill[39m=[32m"none"[39m
                [33mheight[39m=[32m"24"[39m
                [33mstroke[39m=[32m"currentColor"[39m
                [33mstroke-linecap[39m=[32m"round"[39m
                [33mstroke-linejoin[39m=[32m"round"[39m
                [33mstroke-width[39m=[32m"2"[39m
                [33mviewBox[39m=[32m"0 0 24 24"[39m
                [33mwidth[39m=[32m"24"[39m
                [33mxmlns[39m=[32m"http://www.w3.org/2000/svg"[39m
              [36m>[39m
                [36m<path[39m
                  [33md[39m=[32m"M5 12h14"[39m
                [36m/>[39m
                [36m<path[39m
                  [33md[39m=[32m"M12 5v14"[39m
                [36m/>[39m
              [36m</svg>[39m
              [0mCriar novo or├ºamento[0m
            [36m</a>[39m
          [36m</div>[39m
        [36m</div>[39m
      [36m</div>[39m
      [36m<div[39m
        [33mclass[39m=[32m"md:hidden space-y-4"[39m
      [36m>[39m
        [36m<div[39m
          [33mclass[39m=[32m"p-12 text-center text-muted-foreground bg-card 
rounded-xl border border-border"[39m
        [36m>[39m
          [0mNenhum or├ºamento encontrado.[0m
        [36m</div>[39m
      [36m</div>[39m
    [36m</div>[39m
  [36m</div>[39m
[36m</body>[39m

Ignored nodes: comments, script, style
[36m<body>[39m
  [36m<div>[39m
    [36m<div[39m
      [33mclass[39m=[32m"space-y-6"[39m
    [36m>[39m
      [36m<div[39m
        [33mclass[39m=[32m"flex justify-between items-center"[39m
      [36m>[39m
        [36m<div[39m
          [33mclass[39m=[32m"w-full flex justify-between items-center 
bg-card p-4 rounded-xl border border-border shadow-sm"[39m
        [36m>[39m
          [36m<div[39m
            [33mclass[39m=[32m" space-y-1.5"[39m
          [36m>[39m
            [36m<label[39m
              [33mclass[39m=[32m"flex items-center gap-2 text-sm 
leading-none font-medium select-none 
group-data-[disabled=true]:pointer-events-none 
group-data-[disabled=true]:opacity-50 peer-disabled:cursor-not-allowed 
peer-disabled:opacity-50"[39m
              [33mdata-slot[39m=[32m"label"[39m
              [33mfor[39m=[32m"search"[39m
            [36m>[39m
              [0mProcurar[0m
            [36m</label>[39m
            [36m<div[39m
              [33mclass[39m=[32m"relative"[39m
            [36m>[39m
              [36m<svg[39m
                [33maria-hidden[39m=[32m"true"[39m
                [33mclass[39m=[32m"lucide lucide-search absolute left-2.5 
top-2.5 h-4 w-4 text-muted-foreground"[39m
                [33mfill[39m=[32m"none"[39m
                [33mheight[39m=[32m"24"[39m
                [33mstroke[39m=[32m"currentColor"[39m
                [33mstroke-linecap[39m=[32m"round"[39m
                [33mstroke-linejoin[39m=[32m"round"[39m
                [33mstroke-width[39m=[32m"2"[39m
                [33mviewBox[39m=[32m"0 0 24 24"[39m
                [33mwidth[39m=[32m"24"[39m
                [33mxmlns[39m=[32m"http://www.w3.org/2000/svg"[39m
              [36m>[39m
                [36m<path[39m
                  [33md[39m=[32m"m21 21-4.34-4.34"[39m
                [36m/>[39m
                [36m<circle[39m
                  [33mcx[39m=[32m"11"[39m
                  [33mcy[39m=[32m"11"[39m
                  [33mr[39m=[32m"8"[39m
                [36m/>[39m
              [36m</svg>[39m
              [36m<input[39m
                [33mclass[39m=[32m"h-8 w-full min-w-0 rounded-lg border 
border-input bg-transparent px-2.5 py-1 text-base transition-colors 
outline-none file:inline-flex file:h-6 file:border-0 file:bg-transparent 
file:text-sm file:font-medium file:text-foreground 
placeholder:text-muted-foreground focus-visible:border-ring 
focus-visible:ring-3 focus-visible:ring-ring/50 disabled:pointer-events-none 
disabled:cursor-not-allowed disabled:bg-input/50 disabled:opacity-50 
aria-invalid:border-destructive aria-invalid:ring-3 
aria-invalid:ring-destructive/20 md:text-sm dark:bg-input/30 
dark:disabled:bg-input/80 dark:aria-invalid:border-destructive/50 
dark:aria-invalid:ring-destructive/40 pl-9"[39m
                [33mdata-slot[39m=[32m"input"[39m
                [33mid[39m=[32m"search"[39m
                [33mplaceholder[39m=[32m"Procurar or├ºamentos..."[39m
                [33mvalue[39m=[32m""[39m
              [36m/>[39m
            [36m</div>[39m
          [36m</div>[39m
          [36m<div[39m
            [33mclass[39m=[32m"space-y-1.5"[39m
          [36m>[39m
            [36m<label[39m
              [33mclass[39m=[32m"flex items-center gap-2 text-sm 
leading-none font-medium select-none 
group-data-[disabled=true]:pointer-events-none 
group-data-[disabled=true]:opacity-50 peer-disabled:cursor-not-allowed 
peer-disabled:opacity-50"[39m
              [33mdata-slot[39m=[32m"label"[39m
              [33mfor[39m=[32m"status"[39m
            [36m>[39m
              [0mStatus[0m
            [36m</label>[39m
            [36m<select[39m
              [33mclass[39m=[32m"w-full h-9 rounded-lg border border-input 
bg-transparent px-3 py-1 text-sm outline-none focus-visible:border-ring 
focus-visible:ring-3 focus-visible:ring-ring/50"[39m
              [33mid[39m=[32m"status"[39m
            [36m>[39m
              [36m<option[39m
                [33mvalue[39m=[32m"all"[39m
              [36m>[39m
                [0mTodos os Status[0m
              [36m</option>[39m
              [36m<option[39m
                [33mvalue[39m=[32m"pending"[39m
              [36m>[39m
                [0mPendentes[0m
              [36m</option>[39m
              [36m<option[39m
                [33mvalue[39m=[32m"approved"[39m
              [36m>[39m
                [0mAprovados[0m
              [36m</option>[39m
              [36m<option[39m
                [33mvalue[39m=[32m"paid"[39m
              [36m>[39m
                [0mPagos[0m
              [36m</option>[39m
            [36m</select>[39m
          [36m</div>[39m
          [36m<div[39m
            [33mclass[39m=[32m"space-y-1.5"[39m
          [36m>[39m
            [36m<label[39m
              [33mclass[39m=[32m"flex items-center gap-2 text-sm 
leading-none font-medium select-none 
group-data-[disabled=true]:pointer-events-none 
group-data-[disabled=true]:opacity-50 peer-disabled:cursor-not-allowed 
peer-disabled:opacity-50"[39m
              [33mdata-slot[39m=[32m"label"[39m
              [33mfor[39m=[32m"ordem"[39m
            [36m>[39m
              [0mOrdenar[0m
            [36m</label>[39m
            [36m<button[39m
              [33mclass[39m=[32m"group/button cursor-pointer inline-flex 
shrink-0 items-center justify-center rounded-lg border bg-clip-padding text-sm 
font-medium transition-all outline-none select-none focus-visible:border-ring 
focus-visible:ring-3 focus-visible:ring-ring/50 
active:not-aria-[haspopup]:translate-y-px disabled:pointer-events-none 
disabled:opacity-50 aria-invalid:border-destructive aria-invalid:ring-3 
aria-invalid:ring-destructive/20 dark:aria-invalid:border-destructive/50 
dark:aria-invalid:ring-destructive/40 [&_svg]:pointer-events-none 
[&_svg]:shrink-0 [&_svg:not([class*='size-'])]:size-4 border-border 
bg-background hover:bg-muted hover:text-foreground aria-expanded:bg-muted 
aria-expanded:text-foreground dark:border-input dark:bg-input/30 
dark:hover:bg-input/50 h-8 gap-1.5 px-2.5 has-data-[icon=inline-end]:pr-2 
has-data-[icon=inline-start]:pl-2 w-full"[39m
              [33mdata-slot[39m=[32m"button"[39m
              [33mtabindex[39m=[32m"0"[39m
              [33mtype[39m=[32m"button"[39m
            [36m>[39m
              [36m<svg[39m
                [33maria-hidden[39m=[32m"true"[39m
                [33mclass[39m=[32m"lucide lucide-arrow-up-down mr-2 h-4 
w-4"[39m
                [33mfill[39m=[32m"none"[39m
                [33mheight[39m=[32m"24"[39m
                [33mstroke[39m=[32m"currentColor"[39m
                [33mstroke-linecap[39m=[32m"round"[39m
                [33mstroke-linejoin[39m=[32m"round"[39m
                [33mstroke-width[39m=[32m"2"[39m
                [33mviewBox[39m=[32m"0 0 24 24"[39m
                [33mwidth[39m=[32m"24"[39m
                [33mxmlns[39m=[32m"http://www.w3.org/2000/svg"[39m
              [36m>[39m
                [36m<path[39m
                  [33md[39m=[32m"m21 16-4 4-4-4"[39m
                [36m/>[39m
                [36m<path[39m
                  [33md[39m=[32m"M17 20V4"[39m
                [36m/>[39m
                [36m<path[39m
                  [33md[39m=[32m"m3 8 4-4 4 4"[39m
                [36m/>[39m
                [36m<path[39m
                  [33md[39m=[32m"M7 4v16"[39m
                [36m/>[39m
              [36m</svg>[39m
              [0mOrdenar por Data[0m
            [36m</button>[39m
          [36m</div>[39m
          [36m<a[39m
            [33mclass[39m=[32m"inline-flex items-center justify-center 
rounded-lg bg-primary px-4 py-2 text-sm font-medium text-primary-foreground 
shadow transition-colors hover:bg-primary/90 focus-visible:outline-none 
focus-visible:ring-1 focus-visible:ring-ring"[39m
            [33mhref[39m=[32m"/quotes/new"[39m
          [36m>[39m
            [36m<svg[39m
              [33maria-hidden[39m=[32m"true"[39m
              [33mclass[39m=[32m"lucide lucide-plus mr-2 h-4 w-4"[39m
              [33mfill[39m=[32m"none"[39m
              [33mheight[39m=[32m"24"[39m
              [33mstroke[39m=[32m"currentColor"[39m
              [33mstroke-linecap[39m=[32m"round"[39m
              [33mstroke-linejoin[39m=[32m"round"[39m
              [33mstroke-width[39m=[32m"2"[39m
              [33mviewBox[39m=[32m"0 0 24 24"[39m
              [33mwidth[39m=[32m"24"[39m
              [33mxmlns[39m=[32m"http://www.w3.org/2000/svg"[39m
            [36m>[39m
              [36m<path[39m
                [33md[39m=[32m"M5 12h14"[39m
              [36m/>[39m
              [36m<path[39m
                [33md[39m=[32m"M12 5v14"[39m
              [36m/>[39m
            [36m</svg>[39m
            [0mNovo Or├ºamento[0m
          [36m</a>[39m
        [36m</div>[39m
      [36m</div>[39m
      [36m<div[39m
        [33mclass[39m=[32m"hidden md:block bg-card rounded-xl border 
border-border shadow-sm overflow-hidden"[39m
      [36m>[39m
        [36m<div[39m
          [33mclass[39m=[32m"p-12 text-center text-muted-foreground"[39m
        [36m>[39m
          [0mNenhum or├ºamento encontrado com os filtros atuais.[0m
          [36m<div[39m
            [33mclass[39m=[32m"mt-4"[39m
          [36m>[39m
            [36m<a[39m
              [33mclass[39m=[32m"inline-flex items-center rounded-md 
bg-primary px-3 py-2 text-sm text-primary-foreground"[39m
              [33mhref[39m=[32m"/quotes/new"[39m
            [36m>[39m
              [36m<svg[39m
                [33maria-hidden[39m=[32m"true"[39m
                [33mclass[39m=[32m"lucide lucide-plus mr-2 h-4 w-4"[39m
                [33mfill[39m=[32m"none"[39m
                [33mheight[39m=[32m"24"[39m
                [33mstroke[39m=[32m"currentColor"[39m
                [33mstroke-linecap[39m=[32m"round"[39m
                [33mstroke-linejoin[39m=[32m"round"[39m
                [33mstroke-width[39m=[32m"2"[39m
                [33mviewBox[39m=[32m"0 0 24 24"[39m
                [33mwidth[39m=[32m"24"[39m
                [33mxmlns[39m=[32m"http://www.w3.org/2000/svg"[39m
              [36m>[39m
                [36m<path[39m
                  [33md[39m=[32m"M5 12h14"[39m
                [36m/>[39m
                [36m<path[39m
                  [33md[39m=[32m"M12 5v14"[39m
                [36m/>[39m
              [36m</svg>[39m
              [0mCriar novo or├ºamento[0m
            [36m</a>[39m
          [36m</div>[39m
        [36m</div>[39m
      [36m</div>[39m
      [36m<div[39m
        [33mclass[39m=[32m"md:hidden space-y-4"[39m
      [36m>[39m
        [36m<div[39m
          [33mclass[39m=[32m"p-12 text-center text-muted-foreground bg-card 
rounded-xl border border-border"[39m
        [36m>[39m
          [0mNenhum or├ºamento encontrado.[0m
        [36m</div>[39m
      [36m</div>[39m
    [36m</div>[39m
  [36m</div>[39m
[36m</body>[39m
[90m [2mÔØ»[22m waitForWrapper 
node_modules/@testing-library/dom/dist/wait-for.js:[2m163:27[22m[39m
[90m [2mÔØ»[22m 
node_modules/@testing-library/dom/dist/query-helpers.js:[2m86:33[22m[39m
[36m [2mÔØ»[22m src/app/quotes/page.test.tsx:[2m36:26[22m[39m
    [90m 34|[39m     [34mrender[39m([33m<[39m[33mQuotesHistory[39m 
[33m/[39m[33m>[39m[33m,[39m { wrapper })
    [90m 35|[39m
    [90m 36|[39m     expect((await screen.findAllByText(/Reforma 
Cozinha/i)).length).toÔÇª
    [90m   |[39m                          [31m^[39m
    [90m 37|[39m     expect(screen.getAllByText(/Pintura 
Sala/i).length).toBeGreaterThaÔÇª
    [90m 38|[39m   })

[31m[2mÔÄ»ÔÄ»ÔÄ»ÔÄ»ÔÄ»ÔÄ»ÔÄ»ÔÄ»ÔÄ»ÔÄ»ÔÄ»ÔÄ»ÔÄ»ÔÄ»ÔÄ»ÔÄ»ÔÄ»ÔÄ»ÔÄ»ÔÄ»ÔÄ»ÔÄ»ÔÄ»Ô
Ä»[1/3]ÔÄ»[22m[39m

[41m[1m FAIL [22m[49m src/app/quotes/page.test.tsx[2m > 
[22mQuotesHistory Page[2m > [22mfilters by search term
[31m[1mTestingLibraryElementError[22m[39m: Unable to find an element with 
the text: /Reforma Cozinha/i. This could be because the text is broken up by 
multiple elements. In this case, you can provide a function for your text 
matcher to make your matcher more flexible.

Ignored nodes: comments, script, style
[36m<body>[39m
  [36m<div>[39m
    [36m<div[39m
      [33mclass[39m=[32m"space-y-6"[39m
    [36m>[39m
      [36m<div[39m
        [33mclass[39m=[32m"flex justify-between items-center"[39m
      [36m>[39m
        [36m<div[39m
          [33mclass[39m=[32m"w-full flex justify-between items-center 
bg-card p-4 rounded-xl border border-border shadow-sm"[39m
        [36m>[39m
          [36m<div[39m
            [33mclass[39m=[32m" space-y-1.5"[39m
          [36m>[39m
            [36m<label[39m
              [33mclass[39m=[32m"flex items-center gap-2 text-sm 
leading-none font-medium select-none 
group-data-[disabled=true]:pointer-events-none 
group-data-[disabled=true]:opacity-50 peer-disabled:cursor-not-allowed 
peer-disabled:opacity-50"[39m
              [33mdata-slot[39m=[32m"label"[39m
              [33mfor[39m=[32m"search"[39m
            [36m>[39m
              [0mProcurar[0m
            [36m</label>[39m
            [36m<div[39m
              [33mclass[39m=[32m"relative"[39m
            [36m>[39m
              [36m<svg[39m
                [33maria-hidden[39m=[32m"true"[39m
                [33mclass[39m=[32m"lucide lucide-search absolute left-2.5 
top-2.5 h-4 w-4 text-muted-foreground"[39m
                [33mfill[39m=[32m"none"[39m
                [33mheight[39m=[32m"24"[39m
                [33mstroke[39m=[32m"currentColor"[39m
                [33mstroke-linecap[39m=[32m"round"[39m
                [33mstroke-linejoin[39m=[32m"round"[39m
                [33mstroke-width[39m=[32m"2"[39m
                [33mviewBox[39m=[32m"0 0 24 24"[39m
                [33mwidth[39m=[32m"24"[39m
                [33mxmlns[39m=[32m"http://www.w3.org/2000/svg"[39m
              [36m>[39m
                [36m<path[39m
                  [33md[39m=[32m"m21 21-4.34-4.34"[39m
                [36m/>[39m
                [36m<circle[39m
                  [33mcx[39m=[32m"11"[39m
                  [33mcy[39m=[32m"11"[39m
                  [33mr[39m=[32m"8"[39m
                [36m/>[39m
              [36m</svg>[39m
              [36m<input[39m
                [33mclass[39m=[32m"h-8 w-full min-w-0 rounded-lg border 
border-input bg-transparent px-2.5 py-1 text-base transition-colors 
outline-none file:inline-flex file:h-6 file:border-0 file:bg-transparent 
file:text-sm file:font-medium file:text-foreground 
placeholder:text-muted-foreground focus-visible:border-ring 
focus-visible:ring-3 focus-visible:ring-ring/50 disabled:pointer-events-none 
disabled:cursor-not-allowed disabled:bg-input/50 disabled:opacity-50 
aria-invalid:border-destructive aria-invalid:ring-3 
aria-invalid:ring-destructive/20 md:text-sm dark:bg-input/30 
dark:disabled:bg-input/80 dark:aria-invalid:border-destructive/50 
dark:aria-invalid:ring-destructive/40 pl-9"[39m
                [33mdata-slot[39m=[32m"input"[39m
                [33mid[39m=[32m"search"[39m
                [33mplaceholder[39m=[32m"Procurar or├ºamentos..."[39m
                [33mvalue[39m=[32m""[39m
              [36m/>[39m
            [36m</div>[39m
          [36m</div>[39m
          [36m<div[39m
            [33mclass[39m=[32m"space-y-1.5"[39m
          [36m>[39m
            [36m<label[39m
              [33mclass[39m=[32m"flex items-center gap-2 text-sm 
leading-none font-medium select-none 
group-data-[disabled=true]:pointer-events-none 
group-data-[disabled=true]:opacity-50 peer-disabled:cursor-not-allowed 
peer-disabled:opacity-50"[39m
              [33mdata-slot[39m=[32m"label"[39m
              [33mfor[39m=[32m"status"[39m
            [36m>[39m
              [0mStatus[0m
            [36m</label>[39m
            [36m<select[39m
              [33mclass[39m=[32m"w-full h-9 rounded-lg border border-input 
bg-transparent px-3 py-1 text-sm outline-none focus-visible:border-ring 
focus-visible:ring-3 focus-visible:ring-ring/50"[39m
              [33mid[39m=[32m"status"[39m
            [36m>[39m
              [36m<option[39m
                [33mvalue[39m=[32m"all"[39m
              [36m>[39m
                [0mTodos os Status[0m
              [36m</option>[39m
              [36m<option[39m
                [33mvalue[39m=[32m"pending"[39m
              [36m>[39m
                [0mPendentes[0m
              [36m</option>[39m
              [36m<option[39m
                [33mvalue[39m=[32m"approved"[39m
              [36m>[39m
                [0mAprovados[0m
              [36m</option>[39m
              [36m<option[39m
                [33mvalue[39m=[32m"paid"[39m
              [36m>[39m
                [0mPagos[0m
              [36m</option>[39m
            [36m</select>[39m
          [36m</div>[39m
          [36m<div[39m
            [33mclass[39m=[32m"space-y-1.5"[39m
          [36m>[39m
            [36m<label[39m
              [33mclass[39m=[32m"flex items-center gap-2 text-sm 
leading-none font-medium select-none 
group-data-[disabled=true]:pointer-events-none 
group-data-[disabled=true]:opacity-50 peer-disabled:cursor-not-allowed 
peer-disabled:opacity-50"[39m
              [33mdata-slot[39m=[32m"label"[39m
              [33mfor[39m=[32m"ordem"[39m
            [36m>[39m
              [0mOrdenar[0m
            [36m</label>[39m
            [36m<button[39m
              [33mclass[39m=[32m"group/button cursor-pointer inline-flex 
shrink-0 items-center justify-center rounded-lg border bg-clip-padding text-sm 
font-medium transition-all outline-none select-none focus-visible:border-ring 
focus-visible:ring-3 focus-visible:ring-ring/50 
active:not-aria-[haspopup]:translate-y-px disabled:pointer-events-none 
disabled:opacity-50 aria-invalid:border-destructive aria-invalid:ring-3 
aria-invalid:ring-destructive/20 dark:aria-invalid:border-destructive/50 
dark:aria-invalid:ring-destructive/40 [&_svg]:pointer-events-none 
[&_svg]:shrink-0 [&_svg:not([class*='size-'])]:size-4 border-border 
bg-background hover:bg-muted hover:text-foreground aria-expanded:bg-muted 
aria-expanded:text-foreground dark:border-input dark:bg-input/30 
dark:hover:bg-input/50 h-8 gap-1.5 px-2.5 has-data-[icon=inline-end]:pr-2 
has-data-[icon=inline-start]:pl-2 w-full"[39m
              [33mdata-slot[39m=[32m"button"[39m
              [33mtabindex[39m=[32m"0"[39m
              [33mtype[39m=[32m"button"[39m
            [36m>[39m
              [36m<svg[39m
                [33maria-hidden[39m=[32m"true"[39m
                [33mclass[39m=[32m"lucide lucide-arrow-up-down mr-2 h-4 
w-4"[39m
                [33mfill[39m=[32m"none"[39m
                [33mheight[39m=[32m"24"[39m
                [33mstroke[39m=[32m"currentColor"[39m
                [33mstroke-linecap[39m=[32m"round"[39m
                [33mstroke-linejoin[39m=[32m"round"[39m
                [33mstroke-width[39m=[32m"2"[39m
                [33mviewBox[39m=[32m"0 0 24 24"[39m
                [33mwidth[39m=[32m"24"[39m
                [33mxmlns[39m=[32m"http://www.w3.org/2000/svg"[39m
              [36m>[39m
                [36m<path[39m
                  [33md[39m=[32m"m21 16-4 4-4-4"[39m
                [36m/>[39m
                [36m<path[39m
                  [33md[39m=[32m"M17 20V4"[39m
                [36m/>[39m
                [36m<path[39m
                  [33md[39m=[32m"m3 8 4-4 4 4"[39m
                [36m/>[39m
                [36m<path[39m
                  [33md[39m=[32m"M7 4v16"[39m
                [36m/>[39m
              [36m</svg>[39m
              [0mOrdenar por Data[0m
            [36m</button>[39m
          [36m</div>[39m
          [36m<a[39m
            [33mclass[39m=[32m"inline-flex items-center justify-center 
rounded-lg bg-primary px-4 py-2 text-sm font-medium text-primary-foreground 
shadow transition-colors hover:bg-primary/90 focus-visible:outline-none 
focus-visible:ring-1 focus-visible:ring-ring"[39m
            [33mhref[39m=[32m"/quotes/new"[39m
          [36m>[39m
            [36m<svg[39m
              [33maria-hidden[39m=[32m"true"[39m
              [33mclass[39m=[32m"lucide lucide-plus mr-2 h-4 w-4"[39m
              [33mfill[39m=[32m"none"[39m
              [33mheight[39m=[32m"24"[39m
              [33mstroke[39m=[32m"currentColor"[39m
              [33mstroke-linecap[39m=[32m"round"[39m
              [33mstroke-linejoin[39m=[32m"round"[39m
              [33mstroke-width[39m=[32m"2"[39m
              [33mviewBox[39m=[32m"0 0 24 24"[39m
              [33mwidth[39m=[32m"24"[39m
              [33mxmlns[39m=[32m"http://www.w3.org/2000/svg"[39m
            [36m>[39m
              [36m<path[39m
                [33md[39m=[32m"M5 12h14"[39m
              [36m/>[39m
              [36m<path[39m
                [33md[39m=[32m"M12 5v14"[39m
              [36m/>[39m
            [36m</svg>[39m
            [0mNovo Or├ºamento[0m
          [36m</a>[39m
        [36m</div>[39m
      [36m</div>[39m
      [36m<div[39m
        [33mclass[39m=[32m"hidden md:block bg-card rounded-xl border 
border-border shadow-sm overflow-hidden"[39m
      [36m>[39m
        [36m<div[39m
          [33mclass[39m=[32m"p-12 text-center text-muted-foreground"[39m
        [36m>[39m
          [0mNenhum or├ºamento encontrado com os filtros atuais.[0m
          [36m<div[39m
            [33mclass[39m=[32m"mt-4"[39m
          [36m>[39m
            [36m<a[39m
              [33mclass[39m=[32m"inline-flex items-center rounded-md 
bg-primary px-3 py-2 text-sm text-primary-foreground"[39m
              [33mhref[39m=[32m"/quotes/new"[39m
            [36m>[39m
              [36m<svg[39m
                [33maria-hidden[39m=[32m"true"[39m
                [33mclass[39m=[32m"lucide lucide-plus mr-2 h-4 w-4"[39m
                [33mfill[39m=[32m"none"[39m
                [33mheight[39m=[32m"24"[39m
                [33mstroke[39m=[32m"currentColor"[39m
                [33mstroke-linecap[39m=[32m"round"[39m
                [33mstroke-linejoin[39m=[32m"round"[39m
                [33mstroke-width[39m=[32m"2"[39m
                [33mviewBox[39m=[32m"0 0 24 24"[39m
                [33mwidth[39m=[32m"24"[39m
                [33mxmlns[39m=[32m"http://www.w3.org/2000/svg"[39m
              [36m>[39m
                [36m<path[39m
                  [33md[39m=[32m"M5 12h14"[39m
                [36m/>[39m
                [36m<path[39m
                  [33md[39m=[32m"M12 5v14"[39m
                [36m/>[39m
              [36m</svg>[39m
              [0mCriar novo or├ºamento[0m
            [36m</a>[39m
          [36m</div>[39m
        [36m</div>[39m
      [36m</div>[39m
      [36m<div[39m
        [33mclass[39m=[32m"md:hidden space-y-4"[39m
      [36m>[39m
        [36m<div[39m
          [33mclass[39m=[32m"p-12 text-center text-muted-foreground bg-card 
rounded-xl border border-border"[39m
        [36m>[39m
          [0mNenhum or├ºamento encontrado.[0m
        [36m</div>[39m
      [36m</div>[39m
    [36m</div>[39m
  [36m</div>[39m
[36m</body>[39m

Ignored nodes: comments, script, style
[36m<body>[39m
  [36m<div>[39m
    [36m<div[39m
      [33mclass[39m=[32m"space-y-6"[39m
    [36m>[39m
      [36m<div[39m
        [33mclass[39m=[32m"flex justify-between items-center"[39m
      [36m>[39m
        [36m<div[39m
          [33mclass[39m=[32m"w-full flex justify-between items-center 
bg-card p-4 rounded-xl border border-border shadow-sm"[39m
        [36m>[39m
          [36m<div[39m
            [33mclass[39m=[32m" space-y-1.5"[39m
          [36m>[39m
            [36m<label[39m
              [33mclass[39m=[32m"flex items-center gap-2 text-sm 
leading-none font-medium select-none 
group-data-[disabled=true]:pointer-events-none 
group-data-[disabled=true]:opacity-50 peer-disabled:cursor-not-allowed 
peer-disabled:opacity-50"[39m
              [33mdata-slot[39m=[32m"label"[39m
              [33mfor[39m=[32m"search"[39m
            [36m>[39m
              [0mProcurar[0m
            [36m</label>[39m
            [36m<div[39m
              [33mclass[39m=[32m"relative"[39m
            [36m>[39m
              [36m<svg[39m
                [33maria-hidden[39m=[32m"true"[39m
                [33mclass[39m=[32m"lucide lucide-search absolute left-2.5 
top-2.5 h-4 w-4 text-muted-foreground"[39m
                [33mfill[39m=[32m"none"[39m
                [33mheight[39m=[32m"24"[39m
                [33mstroke[39m=[32m"currentColor"[39m
                [33mstroke-linecap[39m=[32m"round"[39m
                [33mstroke-linejoin[39m=[32m"round"[39m
                [33mstroke-width[39m=[32m"2"[39m
                [33mviewBox[39m=[32m"0 0 24 24"[39m
                [33mwidth[39m=[32m"24"[39m
                [33mxmlns[39m=[32m"http://www.w3.org/2000/svg"[39m
              [36m>[39m
                [36m<path[39m
                  [33md[39m=[32m"m21 21-4.34-4.34"[39m
                [36m/>[39m
                [36m<circle[39m
                  [33mcx[39m=[32m"11"[39m
                  [33mcy[39m=[32m"11"[39m
                  [33mr[39m=[32m"8"[39m
                [36m/>[39m
              [36m</svg>[39m
              [36m<input[39m
                [33mclass[39m=[32m"h-8 w-full min-w-0 rounded-lg border 
border-input bg-transparent px-2.5 py-1 text-base transition-colors 
outline-none file:inline-flex file:h-6 file:border-0 file:bg-transparent 
file:text-sm file:font-medium file:text-foreground 
placeholder:text-muted-foreground focus-visible:border-ring 
focus-visible:ring-3 focus-visible:ring-ring/50 disabled:pointer-events-none 
disabled:cursor-not-allowed disabled:bg-input/50 disabled:opacity-50 
aria-invalid:border-destructive aria-invalid:ring-3 
aria-invalid:ring-destructive/20 md:text-sm dark:bg-input/30 
dark:disabled:bg-input/80 dark:aria-invalid:border-destructive/50 
dark:aria-invalid:ring-destructive/40 pl-9"[39m
                [33mdata-slot[39m=[32m"input"[39m
                [33mid[39m=[32m"search"[39m
                [33mplaceholder[39m=[32m"Procurar or├ºamentos..."[39m
                [33mvalue[39m=[32m""[39m
              [36m/>[39m
            [36m</div>[39m
          [36m</div>[39m
          [36m<div[39m
            [33mclass[39m=[32m"space-y-1.5"[39m
          [36m>[39m
            [36m<label[39m
              [33mclass[39m=[32m"flex items-center gap-2 text-sm 
leading-none font-medium select-none 
group-data-[disabled=true]:pointer-events-none 
group-data-[disabled=true]:opacity-50 peer-disabled:cursor-not-allowed 
peer-disabled:opacity-50"[39m
              [33mdata-slot[39m=[32m"label"[39m
              [33mfor[39m=[32m"status"[39m
            [36m>[39m
              [0mStatus[0m
            [36m</label>[39m
            [36m<select[39m
              [33mclass[39m=[32m"w-full h-9 rounded-lg border border-input 
bg-transparent px-3 py-1 text-sm outline-none focus-visible:border-ring 
focus-visible:ring-3 focus-visible:ring-ring/50"[39m
              [33mid[39m=[32m"status"[39m
            [36m>[39m
              [36m<option[39m
                [33mvalue[39m=[32m"all"[39m
              [36m>[39m
                [0mTodos os Status[0m
              [36m</option>[39m
              [36m<option[39m
                [33mvalue[39m=[32m"pending"[39m
              [36m>[39m
                [0mPendentes[0m
              [36m</option>[39m
              [36m<option[39m
                [33mvalue[39m=[32m"approved"[39m
              [36m>[39m
                [0mAprovados[0m
              [36m</option>[39m
              [36m<option[39m
                [33mvalue[39m=[32m"paid"[39m
              [36m>[39m
                [0mPagos[0m
              [36m</option>[39m
            [36m</select>[39m
          [36m</div>[39m
          [36m<div[39m
            [33mclass[39m=[32m"space-y-1.5"[39m
          [36m>[39m
            [36m<label[39m
              [33mclass[39m=[32m"flex items-center gap-2 text-sm 
leading-none font-medium select-none 
group-data-[disabled=true]:pointer-events-none 
group-data-[disabled=true]:opacity-50 peer-disabled:cursor-not-allowed 
peer-disabled:opacity-50"[39m
              [33mdata-slot[39m=[32m"label"[39m
              [33mfor[39m=[32m"ordem"[39m
            [36m>[39m
              [0mOrdenar[0m
            [36m</label>[39m
            [36m<button[39m
              [33mclass[39m=[32m"group/button cursor-pointer inline-flex 
shrink-0 items-center justify-center rounded-lg border bg-clip-padding text-sm 
font-medium transition-all outline-none select-none focus-visible:border-ring 
focus-visible:ring-3 focus-visible:ring-ring/50 
active:not-aria-[haspopup]:translate-y-px disabled:pointer-events-none 
disabled:opacity-50 aria-invalid:border-destructive aria-invalid:ring-3 
aria-invalid:ring-destructive/20 dark:aria-invalid:border-destructive/50 
dark:aria-invalid:ring-destructive/40 [&_svg]:pointer-events-none 
[&_svg]:shrink-0 [&_svg:not([class*='size-'])]:size-4 border-border 
bg-background hover:bg-muted hover:text-foreground aria-expanded:bg-muted 
aria-expanded:text-foreground dark:border-input dark:bg-input/30 
dark:hover:bg-input/50 h-8 gap-1.5 px-2.5 has-data-[icon=inline-end]:pr-2 
has-data-[icon=inline-start]:pl-2 w-full"[39m
              [33mdata-slot[39m=[32m"button"[39m
              [33mtabindex[39m=[32m"0"[39m
              [33mtype[39m=[32m"button"[39m
            [36m>[39m
              [36m<svg[39m
                [33maria-hidden[39m=[32m"true"[39m
                [33mclass[39m=[32m"lucide lucide-arrow-up-down mr-2 h-4 
w-4"[39m
                [33mfill[39m=[32m"none"[39m
                [33mheight[39m=[32m"24"[39m
                [33mstroke[39m=[32m"currentColor"[39m
                [33mstroke-linecap[39m=[32m"round"[39m
                [33mstroke-linejoin[39m=[32m"round"[39m
                [33mstroke-width[39m=[32m"2"[39m
                [33mviewBox[39m=[32m"0 0 24 24"[39m
                [33mwidth[39m=[32m"24"[39m
                [33mxmlns[39m=[32m"http://www.w3.org/2000/svg"[39m
              [36m>[39m
                [36m<path[39m
                  [33md[39m=[32m"m21 16-4 4-4-4"[39m
                [36m/>[39m
                [36m<path[39m
                  [33md[39m=[32m"M17 20V4"[39m
                [36m/>[39m
                [36m<path[39m
                  [33md[39m=[32m"m3 8 4-4 4 4"[39m
                [36m/>[39m
                [36m<path[39m
                  [33md[39m=[32m"M7 4v16"[39m
                [36m/>[39m
              [36m</svg>[39m
              [0mOrdenar por Data[0m
            [36m</button>[39m
          [36m</div>[39m
          [36m<a[39m
            [33mclass[39m=[32m"inline-flex items-center justify-center 
rounded-lg bg-primary px-4 py-2 text-sm font-medium text-primary-foreground 
shadow transition-colors hover:bg-primary/90 focus-visible:outline-none 
focus-visible:ring-1 focus-visible:ring-ring"[39m
            [33mhref[39m=[32m"/quotes/new"[39m
          [36m>[39m
            [36m<svg[39m
              [33maria-hidden[39m=[32m"true"[39m
              [33mclass[39m=[32m"lucide lucide-plus mr-2 h-4 w-4"[39m
              [33mfill[39m=[32m"none"[39m
              [33mheight[39m=[32m"24"[39m
              [33mstroke[39m=[32m"currentColor"[39m
              [33mstroke-linecap[39m=[32m"round"[39m
              [33mstroke-linejoin[39m=[32m"round"[39m
              [33mstroke-width[39m=[32m"2"[39m
              [33mviewBox[39m=[32m"0 0 24 24"[39m
              [33mwidth[39m=[32m"24"[39m
              [33mxmlns[39m=[32m"http://www.w3.org/2000/svg"[39m
            [36m>[39m
              [36m<path[39m
                [33md[39m=[32m"M5 12h14"[39m
              [36m/>[39m
              [36m<path[39m
                [33md[39m=[32m"M12 5v14"[39m
              [36m/>[39m
            [36m</svg>[39m
            [0mNovo Or├ºamento[0m
          [36m</a>[39m
        [36m</div>[39m
      [36m</div>[39m
      [36m<div[39m
        [33mclass[39m=[32m"hidden md:block bg-card rounded-xl border 
border-border shadow-sm overflow-hidden"[39m
      [36m>[39m
        [36m<div[39m
          [33mclass[39m=[32m"p-12 text-center text-muted-foreground"[39m
        [36m>[39m
          [0mNenhum or├ºamento encontrado com os filtros atuais.[0m
          [36m<div[39m
            [33mclass[39m=[32m"mt-4"[39m
          [36m>[39m
            [36m<a[39m
              [33mclass[39m=[32m"inline-flex items-center rounded-md 
bg-primary px-3 py-2 text-sm text-primary-foreground"[39m
              [33mhref[39m=[32m"/quotes/new"[39m
            [36m>[39m
              [36m<svg[39m
                [33maria-hidden[39m=[32m"true"[39m
                [33mclass[39m=[32m"lucide lucide-plus mr-2 h-4 w-4"[39m
                [33mfill[39m=[32m"none"[39m
                [33mheight[39m=[32m"24"[39m
                [33mstroke[39m=[32m"currentColor"[39m
                [33mstroke-linecap[39m=[32m"round"[39m
                [33mstroke-linejoin[39m=[32m"round"[39m
                [33mstroke-width[39m=[32m"2"[39m
                [33mviewBox[39m=[32m"0 0 24 24"[39m
                [33mwidth[39m=[32m"24"[39m
                [33mxmlns[39m=[32m"http://www.w3.org/2000/svg"[39m
              [36m>[39m
                [36m<path[39m
                  [33md[39m=[32m"M5 12h14"[39m
                [36m/>[39m
                [36m<path[39m
                  [33md[39m=[32m"M12 5v14"[39m
                [36m/>[39m
              [36m</svg>[39m
              [0mCriar novo or├ºamento[0m
            [36m</a>[39m
          [36m</div>[39m
        [36m</div>[39m
      [36m</div>[39m
      [36m<div[39m
        [33mclass[39m=[32m"md:hidden space-y-4"[39m
      [36m>[39m
        [36m<div[39m
          [33mclass[39m=[32m"p-12 text-center text-muted-foreground bg-card 
rounded-xl border border-border"[39m
        [36m>[39m
          [0mNenhum or├ºamento encontrado.[0m
        [36m</div>[39m
      [36m</div>[39m
    [36m</div>[39m
  [36m</div>[39m
[36m</body>[39m
[90m [2mÔØ»[22m waitForWrapper 
node_modules/@testing-library/dom/dist/wait-for.js:[2m163:27[22m[39m
[90m [2mÔØ»[22m 
node_modules/@testing-library/dom/dist/query-helpers.js:[2m86:33[22m[39m
[36m [2mÔØ»[22m src/app/quotes/page.test.tsx:[2m43:26[22m[39m
    [90m 41|[39m     [34mrender[39m([33m<[39m[33mQuotesHistory[39m 
[33m/[39m[33m>[39m[33m,[39m { wrapper })
    [90m 42|[39m
    [90m 43|[39m     expect((await screen.findAllByText(/Reforma 
Cozinha/i)).length).toÔÇª
    [90m   |[39m                          [31m^[39m
    [90m 44|[39m
    [90m 45|[39m     const searchInput = 
screen.getByPlaceholderText(/procurar or├ºamentÔÇª

[31m[2mÔÄ»ÔÄ»ÔÄ»ÔÄ»ÔÄ»ÔÄ»ÔÄ»ÔÄ»ÔÄ»ÔÄ»ÔÄ»ÔÄ»ÔÄ»ÔÄ»ÔÄ»ÔÄ»ÔÄ»ÔÄ»ÔÄ»ÔÄ»ÔÄ»ÔÄ»ÔÄ»Ô
Ä»[2/3]ÔÄ»[22m[39m

[41m[1m FAIL [22m[49m src/app/quotes/page.test.tsx[2m > 
[22mQuotesHistory Page[2m > [22mfilters by status
[31m[1mTestingLibraryElementError[22m[39m: Unable to find an element with 
the text: /Pintura Sala/i. This could be because the text is broken up by 
multiple elements. In this case, you can provide a function for your text 
matcher to make your matcher more flexible.

Ignored nodes: comments, script, style
[36m<body>[39m
  [36m<div>[39m
    [36m<div[39m
      [33mclass[39m=[32m"space-y-6"[39m
    [36m>[39m
      [36m<div[39m
        [33mclass[39m=[32m"flex justify-between items-center"[39m
      [36m>[39m
        [36m<div[39m
          [33mclass[39m=[32m"w-full flex justify-between items-center 
bg-card p-4 rounded-xl border border-border shadow-sm"[39m
        [36m>[39m
          [36m<div[39m
            [33mclass[39m=[32m" space-y-1.5"[39m
          [36m>[39m
            [36m<label[39m
              [33mclass[39m=[32m"flex items-center gap-2 text-sm 
leading-none font-medium select-none 
group-data-[disabled=true]:pointer-events-none 
group-data-[disabled=true]:opacity-50 peer-disabled:cursor-not-allowed 
peer-disabled:opacity-50"[39m
              [33mdata-slot[39m=[32m"label"[39m
              [33mfor[39m=[32m"search"[39m
            [36m>[39m
              [0mProcurar[0m
            [36m</label>[39m
            [36m<div[39m
              [33mclass[39m=[32m"relative"[39m
            [36m>[39m
              [36m<svg[39m
                [33maria-hidden[39m=[32m"true"[39m
                [33mclass[39m=[32m"lucide lucide-search absolute left-2.5 
top-2.5 h-4 w-4 text-muted-foreground"[39m
                [33mfill[39m=[32m"none"[39m
                [33mheight[39m=[32m"24"[39m
                [33mstroke[39m=[32m"currentColor"[39m
                [33mstroke-linecap[39m=[32m"round"[39m
                [33mstroke-linejoin[39m=[32m"round"[39m
                [33mstroke-width[39m=[32m"2"[39m
                [33mviewBox[39m=[32m"0 0 24 24"[39m
                [33mwidth[39m=[32m"24"[39m
                [33mxmlns[39m=[32m"http://www.w3.org/2000/svg"[39m
              [36m>[39m
                [36m<path[39m
                  [33md[39m=[32m"m21 21-4.34-4.34"[39m
                [36m/>[39m
                [36m<circle[39m
                  [33mcx[39m=[32m"11"[39m
                  [33mcy[39m=[32m"11"[39m
                  [33mr[39m=[32m"8"[39m
                [36m/>[39m
              [36m</svg>[39m
              [36m<input[39m
                [33mclass[39m=[32m"h-8 w-full min-w-0 rounded-lg border 
border-input bg-transparent px-2.5 py-1 text-base transition-colors 
outline-none file:inline-flex file:h-6 file:border-0 file:bg-transparent 
file:text-sm file:font-medium file:text-foreground 
placeholder:text-muted-foreground focus-visible:border-ring 
focus-visible:ring-3 focus-visible:ring-ring/50 disabled:pointer-events-none 
disabled:cursor-not-allowed disabled:bg-input/50 disabled:opacity-50 
aria-invalid:border-destructive aria-invalid:ring-3 
aria-invalid:ring-destructive/20 md:text-sm dark:bg-input/30 
dark:disabled:bg-input/80 dark:aria-invalid:border-destructive/50 
dark:aria-invalid:ring-destructive/40 pl-9"[39m
                [33mdata-slot[39m=[32m"input"[39m
                [33mid[39m=[32m"search"[39m
                [33mplaceholder[39m=[32m"Procurar or├ºamentos..."[39m
                [33mvalue[39m=[32m""[39m
              [36m/>[39m
            [36m</div>[39m
          [36m</div>[39m
          [36m<div[39m
            [33mclass[39m=[32m"space-y-1.5"[39m
          [36m>[39m
            [36m<label[39m
              [33mclass[39m=[32m"flex items-center gap-2 text-sm 
leading-none font-medium select-none 
group-data-[disabled=true]:pointer-events-none 
group-data-[disabled=true]:opacity-50 peer-disabled:cursor-not-allowed 
peer-disabled:opacity-50"[39m
              [33mdata-slot[39m=[32m"label"[39m
              [33mfor[39m=[32m"status"[39m
            [36m>[39m
              [0mStatus[0m
            [36m</label>[39m
            [36m<select[39m
              [33mclass[39m=[32m"w-full h-9 rounded-lg border border-input 
bg-transparent px-3 py-1 text-sm outline-none focus-visible:border-ring 
focus-visible:ring-3 focus-visible:ring-ring/50"[39m
              [33mid[39m=[32m"status"[39m
            [36m>[39m
              [36m<option[39m
                [33mvalue[39m=[32m"all"[39m
              [36m>[39m
                [0mTodos os Status[0m
              [36m</option>[39m
              [36m<option[39m
                [33mvalue[39m=[32m"pending"[39m
              [36m>[39m
                [0mPendentes[0m
              [36m</option>[39m
              [36m<option[39m
                [33mvalue[39m=[32m"approved"[39m
              [36m>[39m
                [0mAprovados[0m
              [36m</option>[39m
              [36m<option[39m
                [33mvalue[39m=[32m"paid"[39m
              [36m>[39m
                [0mPagos[0m
              [36m</option>[39m
            [36m</select>[39m
          [36m</div>[39m
          [36m<div[39m
            [33mclass[39m=[32m"space-y-1.5"[39m
          [36m>[39m
            [36m<label[39m
              [33mclass[39m=[32m"flex items-center gap-2 text-sm 
leading-none font-medium select-none 
group-data-[disabled=true]:pointer-events-none 
group-data-[disabled=true]:opacity-50 peer-disabled:cursor-not-allowed 
peer-disabled:opacity-50"[39m
              [33mdata-slot[39m=[32m"label"[39m
              [33mfor[39m=[32m"ordem"[39m
            [36m>[39m
              [0mOrdenar[0m
            [36m</label>[39m
            [36m<button[39m
              [33mclass[39m=[32m"group/button cursor-pointer inline-flex 
shrink-0 items-center justify-center rounded-lg border bg-clip-padding text-sm 
font-medium transition-all outline-none select-none focus-visible:border-ring 
focus-visible:ring-3 focus-visible:ring-ring/50 
active:not-aria-[haspopup]:translate-y-px disabled:pointer-events-none 
disabled:opacity-50 aria-invalid:border-destructive aria-invalid:ring-3 
aria-invalid:ring-destructive/20 dark:aria-invalid:border-destructive/50 
dark:aria-invalid:ring-destructive/40 [&_svg]:pointer-events-none 
[&_svg]:shrink-0 [&_svg:not([class*='size-'])]:size-4 border-border 
bg-background hover:bg-muted hover:text-foreground aria-expanded:bg-muted 
aria-expanded:text-foreground dark:border-input dark:bg-input/30 
dark:hover:bg-input/50 h-8 gap-1.5 px-2.5 has-data-[icon=inline-end]:pr-2 
has-data-[icon=inline-start]:pl-2 w-full"[39m
              [33mdata-slot[39m=[32m"button"[39m
              [33mtabindex[39m=[32m"0"[39m
              [33mtype[39m=[32m"button"[39m
            [36m>[39m
              [36m<svg[39m
                [33maria-hidden[39m=[32m"true"[39m
                [33mclass[39m=[32m"lucide lucide-arrow-up-down mr-2 h-4 
w-4"[39m
                [33mfill[39m=[32m"none"[39m
                [33mheight[39m=[32m"24"[39m
                [33mstroke[39m=[32m"currentColor"[39m
                [33mstroke-linecap[39m=[32m"round"[39m
                [33mstroke-linejoin[39m=[32m"round"[39m
                [33mstroke-width[39m=[32m"2"[39m
                [33mviewBox[39m=[32m"0 0 24 24"[39m
                [33mwidth[39m=[32m"24"[39m
                [33mxmlns[39m=[32m"http://www.w3.org/2000/svg"[39m
              [36m>[39m
                [36m<path[39m
                  [33md[39m=[32m"m21 16-4 4-4-4"[39m
                [36m/>[39m
                [36m<path[39m
                  [33md[39m=[32m"M17 20V4"[39m
                [36m/>[39m
                [36m<path[39m
                  [33md[39m=[32m"m3 8 4-4 4 4"[39m
                [36m/>[39m
                [36m<path[39m
                  [33md[39m=[32m"M7 4v16"[39m
                [36m/>[39m
              [36m</svg>[39m
              [0mOrdenar por Data[0m
            [36m</button>[39m
          [36m</div>[39m
          [36m<a[39m
            [33mclass[39m=[32m"inline-flex items-center justify-center 
rounded-lg bg-primary px-4 py-2 text-sm font-medium text-primary-foreground 
shadow transition-colors hover:bg-primary/90 focus-visible:outline-none 
focus-visible:ring-1 focus-visible:ring-ring"[39m
            [33mhref[39m=[32m"/quotes/new"[39m
          [36m>[39m
            [36m<svg[39m
              [33maria-hidden[39m=[32m"true"[39m
              [33mclass[39m=[32m"lucide lucide-plus mr-2 h-4 w-4"[39m
              [33mfill[39m=[32m"none"[39m
              [33mheight[39m=[32m"24"[39m
              [33mstroke[39m=[32m"currentColor"[39m
              [33mstroke-linecap[39m=[32m"round"[39m
              [33mstroke-linejoin[39m=[32m"round"[39m
              [33mstroke-width[39m=[32m"2"[39m
              [33mviewBox[39m=[32m"0 0 24 24"[39m
              [33mwidth[39m=[32m"24"[39m
              [33mxmlns[39m=[32m"http://www.w3.org/2000/svg"[39m
            [36m>[39m
              [36m<path[39m
                [33md[39m=[32m"M5 12h14"[39m
              [36m/>[39m
              [36m<path[39m
                [33md[39m=[32m"M12 5v14"[39m
              [36m/>[39m
            [36m</svg>[39m
            [0mNovo Or├ºamento[0m
          [36m</a>[39m
        [36m</div>[39m
      [36m</div>[39m
      [36m<div[39m
        [33mclass[39m=[32m"hidden md:block bg-card rounded-xl border 
border-border shadow-sm overflow-hidden"[39m
      [36m>[39m
        [36m<div[39m
          [33mclass[39m=[32m"p-12 text-center text-muted-foreground"[39m
        [36m>[39m
          [0mNenhum or├ºamento encontrado com os filtros atuais.[0m
          [36m<div[39m
            [33mclass[39m=[32m"mt-4"[39m
          [36m>[39m
            [36m<a[39m
              [33mclass[39m=[32m"inline-flex items-center rounded-md 
bg-primary px-3 py-2 text-sm text-primary-foreground"[39m
              [33mhref[39m=[32m"/quotes/new"[39m
            [36m>[39m
              [36m<svg[39m
                [33maria-hidden[39m=[32m"true"[39m
                [33mclass[39m=[32m"lucide lucide-plus mr-2 h-4 w-4"[39m
                [33mfill[39m=[32m"none"[39m
                [33mheight[39m=[32m"24"[39m
                [33mstroke[39m=[32m"currentColor"[39m
                [33mstroke-linecap[39m=[32m"round"[39m
                [33mstroke-linejoin[39m=[32m"round"[39m
                [33mstroke-width[39m=[32m"2"[39m
                [33mviewBox[39m=[32m"0 0 24 24"[39m
                [33mwidth[39m=[32m"24"[39m
                [33mxmlns[39m=[32m"http://www.w3.org/2000/svg"[39m
              [36m>[39m
                [36m<path[39m
                  [33md[39m=[32m"M5 12h14"[39m
                [36m/>[39m
                [36m<path[39m
                  [33md[39m=[32m"M12 5v14"[39m
                [36m/>[39m
              [36m</svg>[39m
              [0mCriar novo or├ºamento[0m
            [36m</a>[39m
          [36m</div>[39m
        [36m</div>[39m
      [36m</div>[39m
      [36m<div[39m
        [33mclass[39m=[32m"md:hidden space-y-4"[39m
      [36m>[39m
        [36m<div[39m
          [33mclass[39m=[32m"p-12 text-center text-muted-foreground bg-card 
rounded-xl border border-border"[39m
        [36m>[39m
          [0mNenhum or├ºamento encontrado.[0m
        [36m</div>[39m
      [36m</div>[39m
    [36m</div>[39m
  [36m</div>[39m
[36m</body>[39m

Ignored nodes: comments, script, style
[36m<body>[39m
  [36m<div>[39m
    [36m<div[39m
      [33mclass[39m=[32m"space-y-6"[39m
    [36m>[39m
      [36m<div[39m
        [33mclass[39m=[32m"flex justify-between items-center"[39m
      [36m>[39m
        [36m<div[39m
          [33mclass[39m=[32m"w-full flex justify-between items-center 
bg-card p-4 rounded-xl border border-border shadow-sm"[39m
        [36m>[39m
          [36m<div[39m
            [33mclass[39m=[32m" space-y-1.5"[39m
          [36m>[39m
            [36m<label[39m
              [33mclass[39m=[32m"flex items-center gap-2 text-sm 
leading-none font-medium select-none 
group-data-[disabled=true]:pointer-events-none 
group-data-[disabled=true]:opacity-50 peer-disabled:cursor-not-allowed 
peer-disabled:opacity-50"[39m
              [33mdata-slot[39m=[32m"label"[39m
              [33mfor[39m=[32m"search"[39m
            [36m>[39m
              [0mProcurar[0m
            [36m</label>[39m
            [36m<div[39m
              [33mclass[39m=[32m"relative"[39m
            [36m>[39m
              [36m<svg[39m
                [33maria-hidden[39m=[32m"true"[39m
                [33mclass[39m=[32m"lucide lucide-search absolute left-2.5 
top-2.5 h-4 w-4 text-muted-foreground"[39m
                [33mfill[39m=[32m"none"[39m
                [33mheight[39m=[32m"24"[39m
                [33mstroke[39m=[32m"currentColor"[39m
                [33mstroke-linecap[39m=[32m"round"[39m
                [33mstroke-linejoin[39m=[32m"round"[39m
                [33mstroke-width[39m=[32m"2"[39m
                [33mviewBox[39m=[32m"0 0 24 24"[39m
                [33mwidth[39m=[32m"24"[39m
                [33mxmlns[39m=[32m"http://www.w3.org/2000/svg"[39m
              [36m>[39m
                [36m<path[39m
                  [33md[39m=[32m"m21 21-4.34-4.34"[39m
                [36m/>[39m
                [36m<circle[39m
                  [33mcx[39m=[32m"11"[39m
                  [33mcy[39m=[32m"11"[39m
                  [33mr[39m=[32m"8"[39m
                [36m/>[39m
              [36m</svg>[39m
              [36m<input[39m
                [33mclass[39m=[32m"h-8 w-full min-w-0 rounded-lg border 
border-input bg-transparent px-2.5 py-1 text-base transition-colors 
outline-none file:inline-flex file:h-6 file:border-0 file:bg-transparent 
file:text-sm file:font-medium file:text-foreground 
placeholder:text-muted-foreground focus-visible:border-ring 
focus-visible:ring-3 focus-visible:ring-ring/50 disabled:pointer-events-none 
disabled:cursor-not-allowed disabled:bg-input/50 disabled:opacity-50 
aria-invalid:border-destructive aria-invalid:ring-3 
aria-invalid:ring-destructive/20 md:text-sm dark:bg-input/30 
dark:disabled:bg-input/80 dark:aria-invalid:border-destructive/50 
dark:aria-invalid:ring-destructive/40 pl-9"[39m
                [33mdata-slot[39m=[32m"input"[39m
                [33mid[39m=[32m"search"[39m
                [33mplaceholder[39m=[32m"Procurar or├ºamentos..."[39m
                [33mvalue[39m=[32m""[39m
              [36m/>[39m
            [36m</div>[39m
          [36m</div>[39m
          [36m<div[39m
            [33mclass[39m=[32m"space-y-1.5"[39m
          [36m>[39m
            [36m<label[39m
              [33mclass[39m=[32m"flex items-center gap-2 text-sm 
leading-none font-medium select-none 
group-data-[disabled=true]:pointer-events-none 
group-data-[disabled=true]:opacity-50 peer-disabled:cursor-not-allowed 
peer-disabled:opacity-50"[39m
              [33mdata-slot[39m=[32m"label"[39m
              [33mfor[39m=[32m"status"[39m
            [36m>[39m
              [0mStatus[0m
            [36m</label>[39m
            [36m<select[39m
              [33mclass[39m=[32m"w-full h-9 rounded-lg border border-input 
bg-transparent px-3 py-1 text-sm outline-none focus-visible:border-ring 
focus-visible:ring-3 focus-visible:ring-ring/50"[39m
              [33mid[39m=[32m"status"[39m
            [36m>[39m
              [36m<option[39m
                [33mvalue[39m=[32m"all"[39m
              [36m>[39m
                [0mTodos os Status[0m
              [36m</option>[39m
              [36m<option[39m
                [33mvalue[39m=[32m"pending"[39m
              [36m>[39m
                [0mPendentes[0m
              [36m</option>[39m
              [36m<option[39m
                [33mvalue[39m=[32m"approved"[39m
              [36m>[39m
                [0mAprovados[0m
              [36m</option>[39m
              [36m<option[39m
                [33mvalue[39m=[32m"paid"[39m
              [36m>[39m
                [0mPagos[0m
              [36m</option>[39m
            [36m</select>[39m
          [36m</div>[39m
          [36m<div[39m
            [33mclass[39m=[32m"space-y-1.5"[39m
          [36m>[39m
            [36m<label[39m
              [33mclass[39m=[32m"flex items-center gap-2 text-sm 
leading-none font-medium select-none 
group-data-[disabled=true]:pointer-events-none 
group-data-[disabled=true]:opacity-50 peer-disabled:cursor-not-allowed 
peer-disabled:opacity-50"[39m
              [33mdata-slot[39m=[32m"label"[39m
              [33mfor[39m=[32m"ordem"[39m
            [36m>[39m
              [0mOrdenar[0m
            [36m</label>[39m
            [36m<button[39m
              [33mclass[39m=[32m"group/button cursor-pointer inline-flex 
shrink-0 items-center justify-center rounded-lg border bg-clip-padding text-sm 
font-medium transition-all outline-none select-none focus-visible:border-ring 
focus-visible:ring-3 focus-visible:ring-ring/50 
active:not-aria-[haspopup]:translate-y-px disabled:pointer-events-none 
disabled:opacity-50 aria-invalid:border-destructive aria-invalid:ring-3 
aria-invalid:ring-destructive/20 dark:aria-invalid:border-destructive/50 
dark:aria-invalid:ring-destructive/40 [&_svg]:pointer-events-none 
[&_svg]:shrink-0 [&_svg:not([class*='size-'])]:size-4 border-border 
bg-background hover:bg-muted hover:text-foreground aria-expanded:bg-muted 
aria-expanded:text-foreground dark:border-input dark:bg-input/30 
dark:hover:bg-input/50 h-8 gap-1.5 px-2.5 has-data-[icon=inline-end]:pr-2 
has-data-[icon=inline-start]:pl-2 w-full"[39m
              [33mdata-slot[39m=[32m"button"[39m
              [33mtabindex[39m=[32m"0"[39m
              [33mtype[39m=[32m"button"[39m
            [36m>[39m
              [36m<svg[39m
                [33maria-hidden[39m=[32m"true"[39m
                [33mclass[39m=[32m"lucide lucide-arrow-up-down mr-2 h-4 
w-4"[39m
                [33mfill[39m=[32m"none"[39m
                [33mheight[39m=[32m"24"[39m
                [33mstroke[39m=[32m"currentColor"[39m
                [33mstroke-linecap[39m=[32m"round"[39m
                [33mstroke-linejoin[39m=[32m"round"[39m
                [33mstroke-width[39m=[32m"2"[39m
                [33mviewBox[39m=[32m"0 0 24 24"[39m
                [33mwidth[39m=[32m"24"[39m
                [33mxmlns[39m=[32m"http://www.w3.org/2000/svg"[39m
              [36m>[39m
                [36m<path[39m
                  [33md[39m=[32m"m21 16-4 4-4-4"[39m
                [36m/>[39m
                [36m<path[39m
                  [33md[39m=[32m"M17 20V4"[39m
                [36m/>[39m
                [36m<path[39m
                  [33md[39m=[32m"m3 8 4-4 4 4"[39m

[2m Test Files [22m [1m[31m1 failed[39m[22m[2m | [22m[1m[32m1 passed[39m[22m[90m (2)[39m
[2m      Tests [22m [1m[31m3 failed[39m[22m[2m | [22m[1m[32m1 passed[39m[22m[90m (4)[39m
[2m   Start at [22m 02:25:18
[2m   Duration [22m 9.79s[2m (transform 1.23s, setup 568ms, import 4.51s, tests 3.37s, environment 6.18s)[22m

                [36m/>[39m
                [36m<path[39m
                  [33md[39m=[32m"M7 4v16"[39m
                [36m/>[39m
              [36m</svg>[39m
              [0mOrdenar por Data[0m
            [36m</button>[39m
          [36m</div>[39m
          [36m<a[39m
            [33mclass[39m=[32m"inline-flex items-center justify-center 
rounded-lg bg-primary px-4 py-2 text-sm font-medium text-primary-foreground 
shadow transition-colors hover:bg-primary/90 focus-visible:outline-none 
focus-visible:ring-1 focus-visible:ring-ring"[39m
            [33mhref[39m=[32m"/quotes/new"[39m
          [36m>[39m
            [36m<svg[39m
              [33maria-hidden[39m=[32m"true"[39m
              [33mclass[39m=[32m"lucide lucide-plus mr-2 h-4 w-4"[39m
              [33mfill[39m=[32m"none"[39m
              [33mheight[39m=[32m"24"[39m
              [33mstroke[39m=[32m"currentColor"[39m
              [33mstroke-linecap[39m=[32m"round"[39m
              [33mstroke-linejoin[39m=[32m"round"[39m
              [33mstroke-width[39m=[32m"2"[39m
              [33mviewBox[39m=[32m"0 0 24 24"[39m
              [33mwidth[39m=[32m"24"[39m
              [33mxmlns[39m=[32m"http://www.w3.org/2000/svg"[39m
            [36m>[39m
              [36m<path[39m
                [33md[39m=[32m"M5 12h14"[39m
              [36m/>[39m
              [36m<path[39m
                [33md[39m=[32m"M12 5v14"[39m
              [36m/>[39m
            [36m</svg>[39m
            [0mNovo Or├ºamento[0m
          [36m</a>[39m
        [36m</div>[39m
      [36m</div>[39m
      [36m<div[39m
        [33mclass[39m=[32m"hidden md:block bg-card rounded-xl border 
border-border shadow-sm overflow-hidden"[39m
      [36m>[39m
        [36m<div[39m
          [33mclass[39m=[32m"p-12 text-center text-muted-foreground"[39m
        [36m>[39m
          [0mNenhum or├ºamento encontrado com os filtros atuais.[0m
          [36m<div[39m
            [33mclass[39m=[32m"mt-4"[39m
          [36m>[39m
            [36m<a[39m
              [33mclass[39m=[32m"inline-flex items-center rounded-md 
bg-primary px-3 py-2 text-sm text-primary-foreground"[39m
              [33mhref[39m=[32m"/quotes/new"[39m
            [36m>[39m
              [36m<svg[39m
                [33maria-hidden[39m=[32m"true"[39m
                [33mclass[39m=[32m"lucide lucide-plus mr-2 h-4 w-4"[39m
                [33mfill[39m=[32m"none"[39m
                [33mheight[39m=[32m"24"[39m
                [33mstroke[39m=[32m"currentColor"[39m
                [33mstroke-linecap[39m=[32m"round"[39m
                [33mstroke-linejoin[39m=[32m"round"[39m
                [33mstroke-width[39m=[32m"2"[39m
                [33mviewBox[39m=[32m"0 0 24 24"[39m
                [33mwidth[39m=[32m"24"[39m
                [33mxmlns[39m=[32m"http://www.w3.org/2000/svg"[39m
              [36m>[39m
                [36m<path[39m
                  [33md[39m=[32m"M5 12h14"[39m
                [36m/>[39m
                [36m<path[39m
                  [33md[39m=[32m"M12 5v14"[39m
                [36m/>[39m
              [36m</svg>[39m
              [0mCriar novo or├ºamento[0m
            [36m</a>[39m
          [36m</div>[39m
        [36m</div>[39m
      [36m</div>[39m
      [36m<div[39m
        [33mclass[39m=[32m"md:hidden space-y-4"[39m
      [36m>[39m
        [36m<div[39m
          [33mclass[39m=[32m"p-12 text-center text-muted-foreground bg-card 
rounded-xl border border-border"[39m
        [36m>[39m
          [0mNenhum or├ºamento encontrado.[0m
        [36m</div>[39m
      [36m</div>[39m
    [36m</div>[39m
  [36m</div>[39m
[36m</body>[39m
[90m [2mÔØ»[22m waitForWrapper 
node_modules/@testing-library/dom/dist/wait-for.js:[2m163:27[22m[39m
[90m [2mÔØ»[22m 
node_modules/@testing-library/dom/dist/query-helpers.js:[2m86:33[22m[39m
[36m [2mÔØ»[22m src/app/quotes/page.test.tsx:[2m55:26[22m[39m
    [90m 53|[39m     [34mrender[39m([33m<[39m[33mQuotesHistory[39m 
[33m/[39m[33m>[39m[33m,[39m { wrapper })
    [90m 54|[39m
    [90m 55|[39m     expect((await screen.findAllByText(/Pintura 
Sala/i)).length).toBeGÔÇª
    [90m   |[39m                          [31m^[39m
    [90m 56|[39m
    [90m 57|[39m     [35mconst[39m statusSelect [33m=[39m 
screen[33m.[39m[34mgetByLabelText[39m([36m/status/i[39m)

[31m[2mÔÄ»ÔÄ»ÔÄ»ÔÄ»ÔÄ»ÔÄ»ÔÄ»ÔÄ»ÔÄ»ÔÄ»ÔÄ»ÔÄ»ÔÄ»ÔÄ»ÔÄ»ÔÄ»ÔÄ»ÔÄ»ÔÄ»ÔÄ»ÔÄ»ÔÄ»ÔÄ»Ô
Ä»[3/3]ÔÄ»[22m[39m

